Microchip MPLAB XC8 Compiler V1.36 ()

Linker command line:

--edf=C:\Program Files (x86)\Microchip\xc8\v1.36\dat\en_msgs.txt -cs \
  -h+dist/default/debug\batteria.X.debug.sym \
  --cmf=dist/default/debug\batteria.X.debug.cmf -z -Q18F2550 \
  -oC:\Users\simon\AppData\Local\Temp\s6n8.2 \
  -Mdist/default/debug/batteria.X.debug.map -E1 -ver=XC8 --acfsm=1493 \
  -ASTACK=060h-07ffh -pstack=STACK -ACODE=00h-07FFFh -ACONST=00h-07FFFh \
  -ASMALLCONST=0800h-08FFhx120 -AMEDIUMCONST=0800h-07FFFh -ACOMRAM=01h-05Fh \
  -AABS1=00h-07FFh -ABIGRAM=01h-07FFh -ARAM=060h-0FFh,0100h-01FFhx7 \
  -ABANK0=060h-0FFh -ABANK1=0100h-01FFh -ABANK2=0200h-02FFh \
  -ABANK3=0300h-03FFh -ABANK4=0400h-04FFh -ABANK5=0500h-05FFh \
  -ABANK6=0600h-06FFh -ABANK7=0700h-07FFh -ASFR=0F60h-0FFFh \
  -preset_vec=00h,intcode,intcodelo,powerup,init,end_init -pramtop=0800h \
  -psmallconst=SMALLCONST -pmediumconst=MEDIUMCONST -pconst=CONST \
  -AFARRAM=00h-00h -ACONFIG=0300000h-030000Dh -pconfig=CONFIG \
  -AIDLOC=0200000h-0200007h -pidloc=IDLOC -AEEDATA=0F00000h-0F000FFh \
  -peeprom_data=EEDATA \
  -prdata=COMRAM,nvrram=COMRAM,nvbit=COMRAM,rbss=COMRAM,rbit=COMRAM \
  -pfarbss=FARRAM,fardata=FARRAM,nvFARRAM=FARRAM \
  -pintsave_regs=BIGRAM,bigbss=BIGRAM,bigdata=BIGRAM -pbss=RAM \
  -pidata=CODE,irdata=CODE,ibigdata=CODE,ifardata=CODE -prparam=COMRAM \
  C:\Users\simon\AppData\Local\Temp\s6n8.obj \
  dist/default/debug\batteria.X.debug.obj 

Object code version is 3.11

Machine type is 18F2550

Call graph: (short form)




                Name                               Link     Load   Length Selector   Space Scale
C:\Users\simon\AppData\Local\Temp\s6n8.obj
                end_init                              0        0        4        0       0
                idloc                            200000   200000        8   200000       0
                config                           300000   300000        E   300000       0
dist/default/debug\batteria.X.debug.obj
                smallconst                          800      800       14      400       0
                text16                              B64      B64      2B4      40A       0
                text15                             1488     1488       26      40A       0
                text14                             13AE     13AE       32      40A       0
                text13                             14AE     14AE       1E      40A       0
                text12                             13E0     13E0       30      40A       0
                text11                             1462     1462       26      40A       0
                text10                             143A     143A       28      40A       0
                text9                              14CC     14CC        8      40A       0
                text8                              10C2     10C2      11A      40A       0
                text7                              1260     1260       70      40A       0
                text6                              1410     1410       2A      40A       0
                text5                              132E     132E       4A      40A       0
                text4                              11DC     11DC       84      40A       0
                text3                               814      814      350      40A       0
                text2                               F72      F72      150      40A       0
                text1                               E18      E18      15A      40A       0
                text0                              12D0     12D0       5E      40A       0
                cstackCOMRAM                          1        1       1F        1       1
                dataCOMRAM                           34       34        4        1       1
                bssCOMRAM                            20       20       14        1       1
                cinit                              1378     1378       36      40A       0
                nvCOMRAM                             38       38        2        1       1
                idataCOMRAM                        14D4     14D4        4      40A       0

TOTAL           Name                               Link     Load   Length     Space
        CLASS   STACK          

        CLASS   CODE           
                end_init                              0        0        4         0
                text16                              B64      B64      2B4         0
                text15                             1488     1488       26         0
                text14                             13AE     13AE       32         0
                text13                             14AE     14AE       1E         0
                text12                             13E0     13E0       30         0
                text11                             1462     1462       26         0
                text10                             143A     143A       28         0
                text9                              14CC     14CC        8         0
                text8                              10C2     10C2      11A         0
                text7                              1260     1260       70         0
                text6                              1410     1410       2A         0
                text5                              132E     132E       4A         0
                text4                              11DC     11DC       84         0
                text3                               814      814      350         0
                text2                               F72      F72      150         0
                text1                               E18      E18      15A         0
                text0                              12D0     12D0       5E         0
                cinit                              1378     1378       36         0
                idataCOMRAM                        14D4     14D4        4         0

        CLASS   CONST          

        CLASS   SMALLCONST     
                smallconst                          800      800       14         0

        CLASS   MEDIUMCONST    

        CLASS   COMRAM         
                cstackCOMRAM                          1        1       1F         1
                dataCOMRAM                           34       34        4         1
                bssCOMRAM                            20       20       14         1
                nvCOMRAM                             38       38        2         1

        CLASS   ABS1           

        CLASS   BIGRAM         

        CLASS   RAM            

        CLASS   BANK0          

        CLASS   BANK1          

        CLASS   BANK2          

        CLASS   BANK3          

        CLASS   BANK4          

        CLASS   BANK5          

        CLASS   BANK6          

        CLASS   BANK7          

        CLASS   SFR            

        CLASS   FARRAM         

        CLASS   CONFIG         
                config                           300000   300000        E         0

        CLASS   IDLOC          
                idloc                            200000   200000        8         0

        CLASS   EEDATA         



SEGMENTS        Name                           Load    Length   Top    Selector   Space  Class

                reset_vec                      000000  000004  000004         0       0  CODE    
                cstackCOMRAM                   000001  000039  00003A         1       1  COMRAM  
                smallconst                     000800  000014  000814       400       0  SMALLCON
                text3                          000814  000CC4  0014D8       40A       0  CODE    
                idloc                          200000  000008  200008    200000       0  IDLOC   
                config                         300000  00000E  30000E    300000       0  CONFIG  


UNUSED ADDRESS RANGES

        Name                Unused          Largest block    Delta
        BANK0            000060-0000FF               A0
        BANK1            000100-0001FF              100
        BANK2            000200-0002FF              100
        BANK3            000300-0003FF              100
        BANK4            000400-0004FF              100
        BANK5            000500-0005FF              100
        BANK6            000600-0006FF              100
        BANK7            000700-0007FF              100
        BIGRAM           00003A-0007FF              7C6
        CODE             000004-0007FF              7FC
                         0014D8-007FFF             6B28
        COMRAM           00003A-00005F               26
        CONST            000004-0007FF              7FC
                         0014D8-007FFF             6B28
        EEDATA           F00000-F000FF              100
        MEDIUMCONST      0014D8-007FFF             6B28
        RAM              000060-0007FF              100
        SFR              000F60-000FFF               A0
        SMALLCONST       0014D8-007FFF              100
        STACK            000060-0007FF              7A0

                                  Symbol Table

?___awdiv                       cstackCOMRAM 000007
?___fldiv                       cstackCOMRAM 000001
?___flmul                       cstackCOMRAM 000001
?___wmul                        cstackCOMRAM 000001
?___xxtofl                      cstackCOMRAM 00000F
LCD_cursor@active               cstackCOMRAM 00000E
LCD_cursor@blinking             cstackCOMRAM 00000D
LCD_initialize@quartz_frequency cstackCOMRAM 00000F
LCD_send_command@D0             cstackCOMRAM 00000B
LCD_send_command@D1             cstackCOMRAM 00000A
LCD_send_command@D2             cstackCOMRAM 000009
LCD_send_command@D3             cstackCOMRAM 00000C
LCD_write_char@D0               cstackCOMRAM 000010
LCD_write_char@D1               cstackCOMRAM 00000F
LCD_write_char@D2               cstackCOMRAM 00000E
LCD_write_char@D3               cstackCOMRAM 00000D
LCD_write_char@value            cstackCOMRAM 000011
LCD_write_integer@F4700         bssCOMRAM    000020
LCD_write_message@buffer        cstackCOMRAM 000012
_ADCON0                         (abs)        000FC2
_ADCON0bits                     (abs)        000FC2
_ADCON1                         (abs)        000FC1
_ADCON2                         (abs)        000FC0
_ADRESH                         (abs)        000FC4
_ADRESL                         (abs)        000FC3
_LATA                           (abs)        000F89
_LATB                           (abs)        000F8A
_LATBbits                       (abs)        000F8A
_LATC                           (abs)        000F8B
_LCD_clear                      text11       001462
_LCD_cursor                     text10       00143A
_LCD_enable_pulse               text13       0014AE
_LCD_initialize                 text8        0010C2
_LCD_send_command               text12       0013E0
_LCD_write_char                 text7        001260
_LCD_write_message              text6        001410
_TRISA                          (abs)        000F92
_TRISB                          (abs)        000F93
_TRISC                          (abs)        000F94
__CFG_BOR$ON                    (abs)        000000
__CFG_BORV$3                    (abs)        000000
__CFG_CCP2MX$ON                 (abs)        000000
__CFG_CP0$OFF                   (abs)        000000
__CFG_CP1$OFF                   (abs)        000000
__CFG_CP2$OFF                   (abs)        000000
__CFG_CP3$OFF                   (abs)        000000
__CFG_CPB$OFF                   (abs)        000000
__CFG_CPD$OFF                   (abs)        000000
__CFG_CPUDIV$OSC1_PLL2          (abs)        000000
__CFG_EBTR0$OFF                 (abs)        000000
__CFG_EBTR1$OFF                 (abs)        000000
__CFG_EBTR2$OFF                 (abs)        000000
__CFG_EBTR3$OFF                 (abs)        000000
__CFG_EBTRB$OFF                 (abs)        000000
__CFG_FCMEN$OFF                 (abs)        000000
__CFG_FOSC$HS                   (abs)        000000
__CFG_IESO$OFF                  (abs)        000000
__CFG_LPT1OSC$OFF               (abs)        000000
__CFG_LVP$OFF                   (abs)        000000
__CFG_MCLRE$ON                  (abs)        000000
__CFG_PBADEN$ON                 (abs)        000000
__CFG_PLLDIV$1                  (abs)        000000
__CFG_PWRT$OFF                  (abs)        000000
__CFG_STVREN$ON                 (abs)        000000
__CFG_USBDIV$1                  (abs)        000000
__CFG_VREGEN$OFF                (abs)        000000
__CFG_WDT$OFF                   (abs)        000000
__CFG_WDTPS$32768               (abs)        000000
__CFG_WRT0$OFF                  (abs)        000000
__CFG_WRT1$OFF                  (abs)        000000
__CFG_WRT2$OFF                  (abs)        000000
__CFG_WRT3$OFF                  (abs)        000000
__CFG_WRTB$OFF                  (abs)        000000
__CFG_WRTC$OFF                  (abs)        000000
__CFG_WRTD$OFF                  (abs)        000000
__CFG_XINST$OFF                 (abs)        000000
__HRAM                          (abs)        000000
__Habs1                         abs1         000000
__Hbank0                        bank0        000000
__Hbank1                        bank1        000000
__Hbank2                        bank2        000000
__Hbank3                        bank3        000000
__Hbank4                        bank4        000000
__Hbank5                        bank5        000000
__Hbank6                        bank6        000000
__Hbank7                        bank7        000000
__Hbigbss                       bigbss       000000
__Hbigdata                      bigdata      000000
__Hbigram                       bigram       000000
__Hbss                          bss          000000
__HbssCOMRAM                    bssCOMRAM    000000
__Hcinit                        cinit        000000
__Hclrtext                      clrtext      000000
__Hcomram                       comram       000000
__Hconfig                       config       30000E
__Hconst                        const        000000
__HcstackCOMRAM                 cstackCOMRAM 000000
__Hdata                         data         000000
__HdataCOMRAM                   dataCOMRAM   000000
__Heeprom_data                  eeprom_data  000000
__Hend_init                     end_init     000004
__Hfarbss                       farbss       000000
__Hfardata                      fardata      000000
__Hibigdata                     ibigdata     000000
__Hidata                        idata        000000
__HidataCOMRAM                  idataCOMRAM  000000
__Hidloc                        idloc        200008
__Hifardata                     ifardata     000000
__Hinit                         init         000000
__Hintcode                      intcode      000000
__Hintcode_body                 intcode_body 000000
__Hintcodelo                    intcodelo    000000
__Hintentry                     intentry     000000
__Hintret                       intret       000000
__Hintsave_regs                 intsave_regs 000000
__Hirdata                       irdata       000000
__Hmediumconst                  mediumconst  000000
__HnvCOMRAM                     nvCOMRAM     000000
__HnvFARRAM                     nvFARRAM     000000
__Hnvbit                        nvbit        000000
__Hnvrram                       nvrram       000000
__Hparam                        rparam       000000
__Hpowerup                      powerup      000000
__Hram                          ram          000000
__Hramtop                       ramtop       000800
__Hrbit                         rbit         000000
__Hrbss                         rbss         000000
__Hrdata                        rdata        000000
__Hreset_vec                    reset_vec    000000
__Hrparam                       rparam       000000
__Hsfr                          sfr          000000
__Hsmallconst                   smallconst   000814
__Hspace_0                      (abs)        30000E
__Hspace_1                      (abs)        00003A
__Hspace_2                      (abs)        000000
__Hstack                        stack        000000
__Hstruct                       struct       000000
__Htemp                         temp         000000
__Htext                         text         000000
__Htext0                        text0        000000
__Htext1                        text1        000000
__Htext10                       text10       000000
__Htext11                       text11       000000
__Htext12                       text12       000000
__Htext13                       text13       000000
__Htext14                       text14       000000
__Htext15                       text15       000000
__Htext16                       text16       000000
__Htext2                        text2        000000
__Htext3                        text3        000000
__Htext4                        text4        000000
__Htext5                        text5        000000
__Htext6                        text6        000000
__Htext7                        text7        000000
__Htext8                        text8        000000
__Htext9                        text9        000000
__LRAM                          (abs)        000001
__Labs1                         abs1         000000
__Lbank0                        bank0        000000
__Lbank1                        bank1        000000
__Lbank2                        bank2        000000
__Lbank3                        bank3        000000
__Lbank4                        bank4        000000
__Lbank5                        bank5        000000
__Lbank6                        bank6        000000
__Lbank7                        bank7        000000
__Lbigbss                       bigbss       000000
__Lbigdata                      bigdata      000000
__Lbigram                       bigram       000000
__Lbss                          bss          000000
__LbssCOMRAM                    bssCOMRAM    000000
__Lcinit                        cinit        000000
__Lclrtext                      clrtext      000000
__Lcomram                       comram       000000
__Lconfig                       config       300000
__Lconst                        const        000000
__LcstackCOMRAM                 cstackCOMRAM 000000
__Ldata                         data         000000
__LdataCOMRAM                   dataCOMRAM   000000
__Leeprom_data                  eeprom_data  000000
__Lend_init                     end_init     000000
__Lfarbss                       farbss       000000
__Lfardata                      fardata      000000
__Libigdata                     ibigdata     000000
__Lidata                        idata        000000
__LidataCOMRAM                  idataCOMRAM  000000
__Lidloc                        idloc        200000
__Lifardata                     ifardata     000000
__Linit                         init         000000
__Lintcode                      intcode      000000
__Lintcode_body                 intcode_body 000000
__Lintcodelo                    intcodelo    000000
__Lintentry                     intentry     000000
__Lintret                       intret       000000
__Lintsave_regs                 intsave_regs 000000
__Lirdata                       irdata       000000
__Lmediumconst                  mediumconst  000000
__LnvCOMRAM                     nvCOMRAM     000000
__LnvFARRAM                     nvFARRAM     000000
__Lnvbit                        nvbit        000000
__Lnvrram                       nvrram       000000
__Lparam                        rparam       000000
__Lpowerup                      powerup      000000
__Lram                          ram          000000
__Lramtop                       ramtop       000800
__Lrbit                         rbit         000000
__Lrbss                         rbss         000000
__Lrdata                        rdata        000000
__Lreset_vec                    reset_vec    000000
__Lrparam                       rparam       000000
__Lsfr                          sfr          000000
__Lsmallconst                   smallconst   000800
__Lspace_0                      (abs)        000000
__Lspace_1                      (abs)        000000
__Lspace_2                      (abs)        000000
__Lstack                        stack        000000
__Lstruct                       struct       000000
__Ltemp                         temp         000000
__Ltext                         text         000000
__Ltext0                        text0        000000
__Ltext1                        text1        000000
__Ltext10                       text10       000000
__Ltext11                       text11       000000
__Ltext12                       text12       000000
__Ltext13                       text13       000000
__Ltext14                       text14       000000
__Ltext15                       text15       000000
__Ltext16                       text16       000000
__Ltext2                        text2        000000
__Ltext3                        text3        000000
__Ltext4                        text4        000000
__Ltext5                        text5        000000
__Ltext6                        text6        000000
__Ltext7                        text7        000000
__Ltext8                        text8        000000
__Ltext9                        text9        000000
__S0                            (abs)        30000E
__S1                            (abs)        00003A
__S2                            (abs)        000000
___awdiv                        text4        0011DC
___awdiv@counter                cstackCOMRAM 00000B
___awdiv@dividend               cstackCOMRAM 000007
___awdiv@divisor                cstackCOMRAM 000009
___awdiv@quotient               cstackCOMRAM 00000D
___awdiv@sign                   cstackCOMRAM 00000C
___fldiv                        text16       000B64
___fldiv@a                      cstackCOMRAM 000005
___fldiv@aexp                   cstackCOMRAM 000019
___fldiv@b                      cstackCOMRAM 000001
___fldiv@bexp                   cstackCOMRAM 000018
___fldiv@grs                    cstackCOMRAM 000014
___fldiv@new_exp                cstackCOMRAM 000012
___fldiv@rem                    cstackCOMRAM 00000E
___fldiv@sign                   cstackCOMRAM 00000D
___flmul                        text3        000814
___flmul@a                      cstackCOMRAM 000005
___flmul@aexp                   cstackCOMRAM 000012
___flmul@b                      cstackCOMRAM 000001
___flmul@bexp                   cstackCOMRAM 000013
___flmul@grs                    cstackCOMRAM 00000E
___flmul@prod                   cstackCOMRAM 000014
___flmul@sign                   cstackCOMRAM 00000D
___flmul@temp                   cstackCOMRAM 000018
___inthi_sp                     stack        000000
___intlo_sp                     stack        000000
___param_bank                   (abs)        000010
___rparam_used                  (abs)        000001
___sp                           stack        000000
___wmul                         text15       001488
___wmul@multiplicand            cstackCOMRAM 000003
___wmul@multiplier              cstackCOMRAM 000001
___wmul@product                 cstackCOMRAM 000005
___xxtofl                       text2        000F72
___xxtofl@arg                   cstackCOMRAM 000019
___xxtofl@exp                   cstackCOMRAM 000018
___xxtofl@sign                  cstackCOMRAM 000017
___xxtofl@val                   cstackCOMRAM 00000F
__accesstop                     (abs)        000060
__activetblptr                  (abs)        000002
__end_of_LCD_clear              text11       001488
__end_of_LCD_cursor             text10       001462
__end_of_LCD_enable_pulse       text13       0014CC
__end_of_LCD_initialize         text8        0011DC
__end_of_LCD_send_command       text12       001410
__end_of_LCD_write_char         text7        0012D0
__end_of_LCD_write_message      text6        00143A
__end_of___awdiv                text4        001260
__end_of___fldiv                text16       000E18
__end_of___flmul                text3        000B64
__end_of___wmul                 text15       0014AE
__end_of___xxtofl               text2        0010C2
__end_of__initialization        cinit        0013A4
__end_of_delay_ms               text14       0013E0
__end_of_delay_set_quartz       text9        0014D4
__end_of_inizializzazione       text5        001378
__end_of_main                   text0        00132E
__end_of_read_adc               text1        000F72
__initialization                cinit        001378
__mediumconst                   mediumconst  000000
__pbssCOMRAM                    bssCOMRAM    000020
__pcinit                        cinit        001378
__pcstackCOMRAM                 cstackCOMRAM 000001
__pdataCOMRAM                   dataCOMRAM   000034
__pidataCOMRAM                  idataCOMRAM  0014D4
__pnvCOMRAM                     nvCOMRAM     000038
__psmallconst                   smallconst   000800
__ptext0                        text0        0012D0
__ptext1                        text1        000E18
__ptext10                       text10       00143A
__ptext11                       text11       001462
__ptext12                       text12       0013E0
__ptext13                       text13       0014AE
__ptext14                       text14       0013AE
__ptext15                       text15       001488
__ptext16                       text16       000B64
__ptext2                        text2        000F72
__ptext3                        text3        000814
__ptext4                        text4        0011DC
__ptext5                        text5        00132E
__ptext6                        text6        001410
__ptext7                        text7        001260
__ptext8                        text8        0010C2
__ptext9                        text9        0014CC
__ramtop                        ramtop       000800
__size_of_LCD_clear             (abs)        000000
__size_of_LCD_cursor            (abs)        000000
__size_of_LCD_enable_pulse      (abs)        000000
__size_of_LCD_initialize        (abs)        000000
__size_of_LCD_send_command      (abs)        000000
__size_of_LCD_write_char        (abs)        000000
__size_of_LCD_write_message     (abs)        000000
__size_of___awdiv               (abs)        000000
__size_of___fldiv               (abs)        000000
__size_of___flmul               (abs)        000000
__size_of___wmul                (abs)        000000
__size_of___xxtofl              (abs)        000000
__size_of_delay_ms              (abs)        000000
__size_of_delay_set_quartz      (abs)        000000
__size_of_inizializzazione      (abs)        000000
__size_of_main                  (abs)        000000
__size_of_read_adc              (abs)        000000
__smallconst                    smallconst   000800
_clock_counter_reference        nvCOMRAM     000038
_combinazioni                   dataCOMRAM   000034
_current                        bssCOMRAM    000026
_delay_ms                       text14       0013AE
_delay_quartz_frequency_value   dataCOMRAM   000037
_delay_set_quartz               text9        0014CC
_inizializzazione               text5        00132E
_lettura                        bssCOMRAM    00002E
_main                           text0        0012D0
_rapporto                       bssCOMRAM    000030
_read_adc                       text1        000E18
_voltage                        bssCOMRAM    00002A
delay_ms@value_ms               cstackCOMRAM 000007
delay_set_quartz@frequency      cstackCOMRAM 000001
end_of_initialization           cinit        0013A4
intlevel0                       text         000000
intlevel1                       text         000000
intlevel2                       text         000000
intlevel3                       text         000000
read_adc@i                      cstackCOMRAM 00001F
stackhi                         (abs)        0007FF
stacklo                         (abs)        000060
start                           init         000000
start_initialization            cinit        001378


FUNCTION INFORMATION:

 *************** function _main *****************
 Defined at:
		line 29 in file "tester.c"
 Parameters:    Size  Location     Type
		None
 Auto vars:     Size  Location     Type
		None
 Return value:  Size  Location     Type
                  1    wreg      void 
 Registers used:
		wreg, fsr2l, fsr2h, status,2, status,0, tblptrl, tblptrh, tblptru, prodl, prodh, cstack
 Tracked objects:
		On entry : 
		On exit  : 
		Unchanged: 
 Data sizes:     COMRAM   BANK0   BANK1   BANK2   BANK3   BANK4   BANK5   BANK6   BANK7
      Params:         0       0       0       0       0       0       0       0       0
      Locals:         0       0       0       0       0       0       0       0       0
      Temps:          0       0       0       0       0       0       0       0       0
      Totals:         0       0       0       0       0       0       0       0       0
Total ram usage:        0 bytes
 Hardware stack levels required when called:    7
 This function calls:
		___fldiv
		_delay_ms
		_inizializzazione
		_read_adc
 This function is called by:
		Startup code after reset
 This function uses a non-reentrant model


 *************** function _read_adc *****************
 Defined at:
		line 40 in file "tester.c"
 Parameters:    Size  Location     Type
		None
 Auto vars:     Size  Location     Type
  i               1   30[COMRAM] unsigned char 
 Return value:  Size  Location     Type
                  1    wreg      void 
 Registers used:
		wreg, fsr2l, fsr2h, status,2, status,0, prodl, prodh, cstack
 Tracked objects:
		On entry : 
		On exit  : 
		Unchanged: 
 Data sizes:     COMRAM   BANK0   BANK1   BANK2   BANK3   BANK4   BANK5   BANK6   BANK7
      Params:         0       0       0       0       0       0       0       0       0
      Locals:         1       0       0       0       0       0       0       0       0
      Temps:          2       0       0       0       0       0       0       0       0
      Totals:         3       0       0       0       0       0       0       0       0
Total ram usage:        3 bytes
 Hardware stack levels used:    1
 Hardware stack levels required when called:    2
 This function calls:
		___awdiv
		___flmul
		___wmul
		___xxtofl
		_delay_ms
 This function is called by:
		_main
 This function uses a non-reentrant model


 *************** function ___xxtofl *****************
 Defined at:
		line 10 in file "C:\Program Files (x86)\Microchip\xc8\v1.36\sources\common\xxtofl.c"
 Parameters:    Size  Location     Type
  sign            1    wreg     unsigned char 
  val             4   14[COMRAM] long 
 Auto vars:     Size  Location     Type
  sign            1   22[COMRAM] unsigned char 
  arg             4   24[COMRAM] unsigned long 
  exp             1   23[COMRAM] unsigned char 
 Return value:  Size  Location     Type
                  4   14[COMRAM] unsigned char 
 Registers used:
		wreg, status,2, status,0
 Tracked objects:
		On entry : 
		On exit  : 
		Unchanged: 
 Data sizes:     COMRAM   BANK0   BANK1   BANK2   BANK3   BANK4   BANK5   BANK6   BANK7
      Params:         4       0       0       0       0       0       0       0       0
      Locals:         6       0       0       0       0       0       0       0       0
      Temps:          4       0       0       0       0       0       0       0       0
      Totals:        14       0       0       0       0       0       0       0       0
Total ram usage:       14 bytes
 Hardware stack levels used:    1
 This function calls:
		Nothing
 This function is called by:
		_read_adc
 This function uses a non-reentrant model


 *************** function ___flmul *****************
 Defined at:
		line 8 in file "C:\Program Files (x86)\Microchip\xc8\v1.36\sources\common\sprcmul.c"
 Parameters:    Size  Location     Type
  b               4    0[COMRAM] unsigned char 
  a               4    4[COMRAM] unsigned char 
 Auto vars:     Size  Location     Type
  prod            4   19[COMRAM] struct .
  grs             4   13[COMRAM] unsigned long 
  temp            2   23[COMRAM] struct .
  bexp            1   18[COMRAM] unsigned char 
  aexp            1   17[COMRAM] unsigned char 
  sign            1   12[COMRAM] unsigned char 
 Return value:  Size  Location     Type
                  4    0[COMRAM] unsigned char 
 Registers used:
		wreg, status,2, status,0, prodl, prodh
 Tracked objects:
		On entry : 
		On exit  : 
		Unchanged: 
 Data sizes:     COMRAM   BANK0   BANK1   BANK2   BANK3   BANK4   BANK5   BANK6   BANK7
      Params:         8       0       0       0       0       0       0       0       0
      Locals:        13       0       0       0       0       0       0       0       0
      Temps:          4       0       0       0       0       0       0       0       0
      Totals:        25       0       0       0       0       0       0       0       0
Total ram usage:       25 bytes
 Hardware stack levels used:    1
 This function calls:
		Nothing
 This function is called by:
		_read_adc
 This function uses a non-reentrant model


 *************** function ___awdiv *****************
 Defined at:
		line 8 in file "C:\Program Files (x86)\Microchip\xc8\v1.36\sources\common\awdiv.c"
 Parameters:    Size  Location     Type
  dividend        2    6[COMRAM] int 
  divisor         2    8[COMRAM] int 
 Auto vars:     Size  Location     Type
  quotient        2   12[COMRAM] int 
  sign            1   11[COMRAM] unsigned char 
  counter         1   10[COMRAM] unsigned char 
 Return value:  Size  Location     Type
                  2    6[COMRAM] int 
 Registers used:
		wreg, status,2, status,0
 Tracked objects:
		On entry : 
		On exit  : 
		Unchanged: 
 Data sizes:     COMRAM   BANK0   BANK1   BANK2   BANK3   BANK4   BANK5   BANK6   BANK7
      Params:         4       0       0       0       0       0       0       0       0
      Locals:         4       0       0       0       0       0       0       0       0
      Temps:          0       0       0       0       0       0       0       0       0
      Totals:         8       0       0       0       0       0       0       0       0
Total ram usage:        8 bytes
 Hardware stack levels used:    1
 This function calls:
		Nothing
 This function is called by:
		_read_adc
 This function uses a non-reentrant model


 *************** function _inizializzazione *****************
 Defined at:
		line 55 in file "tester.c"
 Parameters:    Size  Location     Type
		None
 Auto vars:     Size  Location     Type
		None
 Return value:  Size  Location     Type
                  1    wreg      void 
 Registers used:
		wreg, status,2, status,0, tblptrl, tblptrh, tblptru, prodl, prodh, cstack
 Tracked objects:
		On entry : 
		On exit  : 
		Unchanged: 
 Data sizes:     COMRAM   BANK0   BANK1   BANK2   BANK3   BANK4   BANK5   BANK6   BANK7
      Params:         0       0       0       0       0       0       0       0       0
      Locals:         0       0       0       0       0       0       0       0       0
      Temps:          0       0       0       0       0       0       0       0       0
      Totals:         0       0       0       0       0       0       0       0       0
Total ram usage:        0 bytes
 Hardware stack levels used:    1
 Hardware stack levels required when called:    6
 This function calls:
		_LCD_clear
		_LCD_initialize
		_LCD_write_message
		_delay_ms
 This function is called by:
		_main
 This function uses a non-reentrant model


 *************** function _LCD_write_message *****************
 Defined at:
		line 178 in file "C:/Users/simon/Desktop/LaurTec_PIC_libraries_v_3.3.1/src\LCD_44780.c"
 Parameters:    Size  Location     Type
  buffer          2   17[COMRAM] PTR const unsigned char 
		 -> STR_1(17), 
 Auto vars:     Size  Location     Type
		None
 Return value:  Size  Location     Type
                  1    wreg      void 
 Registers used:
		wreg, status,2, status,0, tblptrl, tblptrh, tblptru, prodl, prodh, cstack
 Tracked objects:
		On entry : 
		On exit  : 
		Unchanged: 
 Data sizes:     COMRAM   BANK0   BANK1   BANK2   BANK3   BANK4   BANK5   BANK6   BANK7
      Params:         2       0       0       0       0       0       0       0       0
      Locals:         0       0       0       0       0       0       0       0       0
      Temps:          0       0       0       0       0       0       0       0       0
      Totals:         2       0       0       0       0       0       0       0       0
Total ram usage:        2 bytes
 Hardware stack levels used:    1
 Hardware stack levels required when called:    5
 This function calls:
		_LCD_write_char
 This function is called by:
		_inizializzazione
 This function uses a non-reentrant model


 *************** function _LCD_write_char *****************
 Defined at:
		line 145 in file "C:/Users/simon/Desktop/LaurTec_PIC_libraries_v_3.3.1/src\LCD_44780.c"
 Parameters:    Size  Location     Type
  value           1    wreg     unsigned char 
 Auto vars:     Size  Location     Type
  value           1   16[COMRAM] unsigned char 
  D0              1   15[COMRAM] unsigned char 
  D1              1   14[COMRAM] unsigned char 
  D2              1   13[COMRAM] unsigned char 
  D3              1   12[COMRAM] unsigned char 
 Return value:  Size  Location     Type
                  1    wreg      void 
 Registers used:
		wreg, status,2, status,0, prodl, prodh, cstack
 Tracked objects:
		On entry : 
		On exit  : 
		Unchanged: 
 Data sizes:     COMRAM   BANK0   BANK1   BANK2   BANK3   BANK4   BANK5   BANK6   BANK7
      Params:         0       0       0       0       0       0       0       0       0
      Locals:         5       0       0       0       0       0       0       0       0
      Temps:          0       0       0       0       0       0       0       0       0
      Totals:         5       0       0       0       0       0       0       0       0
Total ram usage:        5 bytes
 Hardware stack levels used:    1
 Hardware stack levels required when called:    4
 This function calls:
		_LCD_send_command
 This function is called by:
		_LCD_write_message
		_LCD_write_string
 This function uses a non-reentrant model


 *************** function _LCD_initialize *****************
 Defined at:
		line 283 in file "C:/Users/simon/Desktop/LaurTec_PIC_libraries_v_3.3.1/src\LCD_44780.c"
 Parameters:    Size  Location     Type
  quartz_frequ    1    wreg     unsigned char 
 Auto vars:     Size  Location     Type
  quartz_frequ    1   14[COMRAM] unsigned char 
 Return value:  Size  Location     Type
                  1    wreg      void 
 Registers used:
		wreg, status,2, status,0, prodl, prodh, cstack
 Tracked objects:
		On entry : 
		On exit  : 
		Unchanged: 
 Data sizes:     COMRAM   BANK0   BANK1   BANK2   BANK3   BANK4   BANK5   BANK6   BANK7
      Params:         0       0       0       0       0       0       0       0       0
      Locals:         1       0       0       0       0       0       0       0       0
      Temps:          0       0       0       0       0       0       0       0       0
      Totals:         1       0       0       0       0       0       0       0       0
Total ram usage:        1 bytes
 Hardware stack levels used:    1
 Hardware stack levels required when called:    5
 This function calls:
		_LCD_clear
		_LCD_cursor
		_LCD_send_command
		_delay_ms
		_delay_set_quartz
 This function is called by:
		_inizializzazione
 This function uses a non-reentrant model


 *************** function _delay_set_quartz *****************
 Defined at:
		line 115 in file "C:/Users/simon/Desktop/LaurTec_PIC_libraries_v_3.3.1/src\delay.c"
 Parameters:    Size  Location     Type
  frequency       1    wreg     unsigned char 
 Auto vars:     Size  Location     Type
  frequency       1    0[COMRAM] unsigned char 
 Return value:  Size  Location     Type
                  1    wreg      void 
 Registers used:
		wreg
 Tracked objects:
		On entry : 
		On exit  : 
		Unchanged: 
 Data sizes:     COMRAM   BANK0   BANK1   BANK2   BANK3   BANK4   BANK5   BANK6   BANK7
      Params:         0       0       0       0       0       0       0       0       0
      Locals:         1       0       0       0       0       0       0       0       0
      Temps:          0       0       0       0       0       0       0       0       0
      Totals:         1       0       0       0       0       0       0       0       0
Total ram usage:        1 bytes
 Hardware stack levels used:    1
 This function calls:
		Nothing
 This function is called by:
		_LCD_initialize
 This function uses a non-reentrant model


 *************** function _LCD_cursor *****************
 Defined at:
		line 266 in file "C:/Users/simon/Desktop/LaurTec_PIC_libraries_v_3.3.1/src\LCD_44780.c"
 Parameters:    Size  Location     Type
  active          1    wreg     unsigned char 
  blinking        1   12[COMRAM] unsigned char 
 Auto vars:     Size  Location     Type
  active          1   13[COMRAM] unsigned char 
 Return value:  Size  Location     Type
                  1    wreg      void 
 Registers used:
		wreg, status,2, status,0, prodl, prodh, cstack
 Tracked objects:
		On entry : 
		On exit  : 
		Unchanged: 
 Data sizes:     COMRAM   BANK0   BANK1   BANK2   BANK3   BANK4   BANK5   BANK6   BANK7
      Params:         1       0       0       0       0       0       0       0       0
      Locals:         1       0       0       0       0       0       0       0       0
      Temps:          0       0       0       0       0       0       0       0       0
      Totals:         2       0       0       0       0       0       0       0       0
Total ram usage:        2 bytes
 Hardware stack levels used:    1
 Hardware stack levels required when called:    4
 This function calls:
		_LCD_send_command
 This function is called by:
		_LCD_initialize
 This function uses a non-reentrant model


 *************** function _LCD_clear *****************
 Defined at:
		line 257 in file "C:/Users/simon/Desktop/LaurTec_PIC_libraries_v_3.3.1/src\LCD_44780.c"
 Parameters:    Size  Location     Type
		None
 Auto vars:     Size  Location     Type
		None
 Return value:  Size  Location     Type
                  1    wreg      void 
 Registers used:
		wreg, status,2, status,0, prodl, prodh, cstack
 Tracked objects:
		On entry : 
		On exit  : 
		Unchanged: 
 Data sizes:     COMRAM   BANK0   BANK1   BANK2   BANK3   BANK4   BANK5   BANK6   BANK7
      Params:         0       0       0       0       0       0       0       0       0
      Locals:         0       0       0       0       0       0       0       0       0
      Temps:          0       0       0       0       0       0       0       0       0
      Totals:         0       0       0       0       0       0       0       0       0
Total ram usage:        0 bytes
 Hardware stack levels used:    1
 Hardware stack levels required when called:    4
 This function calls:
		_LCD_send_command
 This function is called by:
		_LCD_initialize
		_inizializzazione
 This function uses a non-reentrant model


 *************** function _LCD_send_command *****************
 Defined at:
		line 61 in file "C:/Users/simon/Desktop/LaurTec_PIC_libraries_v_3.3.1/src\LCD_44780.c"
 Parameters:    Size  Location     Type
  D3              1    wreg     unsigned char 
  D2              1    8[COMRAM] unsigned char 
  D1              1    9[COMRAM] unsigned char 
  D0              1   10[COMRAM] unsigned char 
 Auto vars:     Size  Location     Type
  D3              1   11[COMRAM] unsigned char 
 Return value:  Size  Location     Type
                  1    wreg      void 
 Registers used:
		wreg, status,2, status,0, prodl, prodh, cstack
 Tracked objects:
		On entry : 
		On exit  : 
		Unchanged: 
 Data sizes:     COMRAM   BANK0   BANK1   BANK2   BANK3   BANK4   BANK5   BANK6   BANK7
      Params:         3       0       0       0       0       0       0       0       0
      Locals:         1       0       0       0       0       0       0       0       0
      Temps:          0       0       0       0       0       0       0       0       0
      Totals:         4       0       0       0       0       0       0       0       0
Total ram usage:        4 bytes
 Hardware stack levels used:    1
 Hardware stack levels required when called:    3
 This function calls:
		_LCD_enable_pulse
 This function is called by:
		_LCD_write_char
		_LCD_clear
		_LCD_cursor
		_LCD_initialize
		_LCD_home
		_LCD_shift
		_LCD_shift_cursor
		_LCD_goto_line
 This function uses a non-reentrant model


 *************** function _LCD_enable_pulse *****************
 Defined at:
		line 49 in file "C:/Users/simon/Desktop/LaurTec_PIC_libraries_v_3.3.1/src\LCD_44780.c"
 Parameters:    Size  Location     Type
		None
 Auto vars:     Size  Location     Type
		None
 Return value:  Size  Location     Type
                  1    wreg      void 
 Registers used:
		wreg, status,2, status,0, prodl, prodh, cstack
 Tracked objects:
		On entry : 
		On exit  : 
		Unchanged: 
 Data sizes:     COMRAM   BANK0   BANK1   BANK2   BANK3   BANK4   BANK5   BANK6   BANK7
      Params:         0       0       0       0       0       0       0       0       0
      Locals:         0       0       0       0       0       0       0       0       0
      Temps:          0       0       0       0       0       0       0       0       0
      Totals:         0       0       0       0       0       0       0       0       0
Total ram usage:        0 bytes
 Hardware stack levels used:    1
 Hardware stack levels required when called:    2
 This function calls:
		_delay_ms
 This function is called by:
		_LCD_send_command
 This function uses a non-reentrant model


 *************** function _delay_ms *****************
 Defined at:
		line 61 in file "C:/Users/simon/Desktop/LaurTec_PIC_libraries_v_3.3.1/src\delay.c"
 Parameters:    Size  Location     Type
  value_ms        2    6[COMRAM] unsigned int 
 Auto vars:     Size  Location     Type
		None
 Return value:  Size  Location     Type
                  1    wreg      void 
 Registers used:
		wreg, status,2, status,0, prodl, prodh, cstack
 Tracked objects:
		On entry : 
		On exit  : 
		Unchanged: 
 Data sizes:     COMRAM   BANK0   BANK1   BANK2   BANK3   BANK4   BANK5   BANK6   BANK7
      Params:         2       0       0       0       0       0       0       0       0
      Locals:         0       0       0       0       0       0       0       0       0
      Temps:          0       0       0       0       0       0       0       0       0
      Totals:         2       0       0       0       0       0       0       0       0
Total ram usage:        2 bytes
 Hardware stack levels used:    1
 Hardware stack levels required when called:    1
 This function calls:
		___wmul
 This function is called by:
		_LCD_enable_pulse
		_LCD_initialize
		_main
		_read_adc
		_inizializzazione
		_delay_s
 This function uses a non-reentrant model


 *************** function ___wmul *****************
 Defined at:
		line 15 in file "C:\Program Files (x86)\Microchip\xc8\v1.36\sources\common\Umul16.c"
 Parameters:    Size  Location     Type
  multiplier      2    0[COMRAM] unsigned int 
  multiplicand    2    2[COMRAM] unsigned int 
 Auto vars:     Size  Location     Type
  product         2    4[COMRAM] unsigned int 
 Return value:  Size  Location     Type
                  2    0[COMRAM] unsigned int 
 Registers used:
		wreg, status,2, status,0, prodl, prodh
 Tracked objects:
		On entry : 
		On exit  : 
		Unchanged: 
 Data sizes:     COMRAM   BANK0   BANK1   BANK2   BANK3   BANK4   BANK5   BANK6   BANK7
      Params:         4       0       0       0       0       0       0       0       0
      Locals:         2       0       0       0       0       0       0       0       0
      Temps:          0       0       0       0       0       0       0       0       0
      Totals:         6       0       0       0       0       0       0       0       0
Total ram usage:        6 bytes
 Hardware stack levels used:    1
 This function calls:
		Nothing
 This function is called by:
		_delay_ms
		_read_adc
 This function uses a non-reentrant model


 *************** function ___fldiv *****************
 Defined at:
		line 11 in file "C:\Program Files (x86)\Microchip\xc8\v1.36\sources\common\sprcdiv.c"
 Parameters:    Size  Location     Type
  b               4    0[COMRAM] unsigned int 
  a               4    4[COMRAM] unsigned int 
 Auto vars:     Size  Location     Type
  grs             4   19[COMRAM] unsigned long 
  rem             4   13[COMRAM] unsigned long 
  new_exp         2   17[COMRAM] int 
  aexp            1   24[COMRAM] unsigned char 
  bexp            1   23[COMRAM] unsigned char 
  sign            1   12[COMRAM] unsigned char 
 Return value:  Size  Location     Type
                  4    0[COMRAM] unsigned char 
 Registers used:
		wreg, status,2, status,0
 Tracked objects:
		On entry : 
		On exit  : 
		Unchanged: 
 Data sizes:     COMRAM   BANK0   BANK1   BANK2   BANK3   BANK4   BANK5   BANK6   BANK7
      Params:         8       0       0       0       0       0       0       0       0
      Locals:        13       0       0       0       0       0       0       0       0
      Temps:          4       0       0       0       0       0       0       0       0
      Totals:        25       0       0       0       0       0       0       0       0
Total ram usage:       25 bytes
 Hardware stack levels used:    1
 This function calls:
		Nothing
 This function is called by:
		_main
 This function uses a non-reentrant model



MODULE INFORMATION

Module		Function		Class		Link	Load	Size
C:\Program Files (x86)\Microchip\xc8\v1.36\sources\common\awdiv.c
		___awdiv       		CODE           	11DC	0000	133

C:\Program Files (x86)\Microchip\xc8\v1.36\sources\common\awdiv.c estimated size: 133

C:\Program Files (x86)\Microchip\xc8\v1.36\sources\common\sprcmul.c
		___flmul       		CODE           	0814	0000	849

C:\Program Files (x86)\Microchip\xc8\v1.36\sources\common\sprcmul.c estimated size: 849

C:\Program Files (x86)\Microchip\xc8\v1.36\sources\common\sprcdiv.c
		___fldiv       		CODE           	0B64	0000	693

C:\Program Files (x86)\Microchip\xc8\v1.36\sources\common\sprcdiv.c estimated size: 693

C:\Program Files (x86)\Microchip\xc8\v1.36\sources\common\Umul16.c
		___wmul        		CODE           	1488	0000	39

C:\Program Files (x86)\Microchip\xc8\v1.36\sources\common\Umul16.c estimated size: 39

shared
		__initialization		CODE           	1378	0000	45

shared estimated size: 45

tester.c
		_main          		CODE           	12D0	0000	95
		_inizializzazione		CODE           	132E	0000	75
		_read_adc      		CODE           	0E18	0000	347

tester.c estimated size: 517

C:/Users/simon/Desktop/LaurTec_PIC_libraries_v_3.3.1/src\LCD_44780.c
		_LCD_clear     		CODE           	1462	0000	39
		_LCD_cursor    		CODE           	143A	0000	41
		_LCD_enable_pulse		CODE           	14AE	0000	31
		_LCD_write_message		CODE           	1410	0000	43
		_LCD_write_char		CODE           	1260	0000	113
		_LCD_send_command		CODE           	13E0	0000	49
		_LCD_initialize		CODE           	10C2	0000	283

C:/Users/simon/Desktop/LaurTec_PIC_libraries_v_3.3.1/src\LCD_44780.c estimated size: 599

C:\Program Files (x86)\Microchip\xc8\v1.36\sources\common\xxtofl.c
		___xxtofl      		CODE           	0F72	0000	337

C:\Program Files (x86)\Microchip\xc8\v1.36\sources\common\xxtofl.c estimated size: 337

C:/Users/simon/Desktop/LaurTec_PIC_libraries_v_3.3.1/src\delay.c
		_delay_set_quartz		CODE           	14CC	0000	9
		_delay_ms      		CODE           	13AE	0000	51

C:/Users/simon/Desktop/LaurTec_PIC_libraries_v_3.3.1/src\delay.c estimated size: 60

