Microchip MPLAB XC8 Compiler V1.35 ()

Linker command line:

--edf=C:\Program Files (x86)\Microchip\xc8\v1.35\dat\en_msgs.txt -cs \
  -h+dist/default/production\batteria.X.production.sym \
  --cmf=dist/default/production\batteria.X.production.cmf -z -Q18F2550 \
  -oC:\Users\Simone\AppData\Local\Temp\sb38.2 \
  -Mdist/default/production/batteria.X.production.map -E1 -ver=XC8 \
  --acfsm=1493 -ASTACK=0D2h-07ffh -pstack=STACK -ACODE=00h-07FFFh \
  -ACONST=00h-07FFFh -ASMALLCONST=0800h-08FFhx120 \
  -AMEDIUMCONST=0800h-07FFFh -ACOMRAM=01h-05Fh -AABS1=00h-07FFh \
  -ABIGRAM=01h-07FFh -ARAM=060h-0FFh,0100h-01FFhx7 -ABANK0=060h-0FFh \
  -ABANK1=0100h-01FFh -ABANK2=0200h-02FFh -ABANK3=0300h-03FFh \
  -ABANK4=0400h-04FFh -ABANK5=0500h-05FFh -ABANK6=0600h-06FFh \
  -ABANK7=0700h-07FFh -ASFR=0F60h-0FFFh \
  -preset_vec=00h,intcode=08h,intcodelo,powerup,init,end_init \
  -pramtop=0800h -psmallconst=SMALLCONST -pmediumconst=MEDIUMCONST \
  -pconst=CONST -AFARRAM=00h-00h -ACONFIG=0300000h-030000Dh -pconfig=CONFIG \
  -AIDLOC=0200000h-0200007h -pidloc=IDLOC -AEEDATA=0F00000h-0F000FFh \
  -peeprom_data=EEDATA \
  -prdata=COMRAM,nvrram=COMRAM,nvbit=COMRAM,rbss=COMRAM,rbit=COMRAM \
  -pfarbss=FARRAM,fardata=FARRAM,nvFARRAM=FARRAM \
  -pintsave_regs=BIGRAM,bigbss=BIGRAM,bigdata=BIGRAM -pbss=RAM \
  -pidata=CODE,irdata=CODE,ibigdata=CODE,ifardata=CODE -prparam=COMRAM \
  C:\Users\Simone\AppData\Local\Temp\sb38.obj \
  dist/default/production\batteria.X.production.obj 

Object code version is 3.11

Machine type is 18F2550

Call graph: (short form)




                Name                               Link     Load   Length Selector   Space Scale
C:\Users\Simone\AppData\Local\Temp\sb38.obj
                end_init                             16       16        4        4       0
                reset_vec                             0        0        4        0       0
                idloc                            200000   200000        8   200000       0
                config                           300000   300000        E   300000       0
dist/default/production\batteria.X.production.obj
                intcode                               8        8        E        4       0
                temp                                 51       51        1        1       1
                smallconst                          800      800       FA      400       0
                intcode_body                       31F0     31F0       C8      47D       0
                text40                             3996     3996       26      47D       0
                text39                             388E     388E       32      47D       0
                text38                             3A1E     3A1E       1E      47D       0
                text37                             38C0     38C0       30      47D       0
                text36                             3970     3970       26      47D       0
                text35                             3948     3948       28      47D       0
                text34                             3A3C     3A3C        8      47D       0
                text33                             2FDC     2FDC      11A      47D       0
                text32                             358A     358A       70      47D       0
                text31                             391E     391E       2A      47D       0
                text30                             3660     3660       5E      47D       0
                text29                             32B8     32B8       B8      47D       0
                text28                             39BC     39BC       24      47D       0
                text27                             1D4A     1D4A      33C      47D       0
                text26                             19FA     19FA      350      47D       0
                text25                             29D4     29D4      150      47D       0
                text24                             261E     261E      240      47D       0
                text23                             2EBC     2EBC      120      47D       0
                text22                             38F0     38F0       2E      47D       0
                text21                             113A     113A      4A8      47D       0
                text20                             37C2     37C2       48      47D       0
                text19                             30F6     30F6       FA      47D       0
                text18                             3498     3498       82      47D       0
                text17                             35FA     35FA       66      47D       0
                text16                             2D94     2D94      128      47D       0
                text15                             2C62     2C62      132      47D       0
                text14                             3414     3414       84      47D       0
                text13                             351A     351A       70      47D       0
                text12                             23A4     23A4      27A      47D       0
                text11                             3A00     3A00       1E      47D       0
                text10                             15E2     15E2      418      47D       0
                text9                               8FA      8FA      840      47D       0
                text8                              285E     285E      176      47D       0
                text7                              3770     3770       52      47D       0
                text6                              384C     384C       42      47D       0
                text5                              3370     3370       A4      47D       0
                text4                              380A     380A       42      47D       0
                text3                              2B24     2B24      13E      47D       0
                text2                              39E0     39E0       20      47D       0
                text1                              2086     2086      31E      47D       0
                text0                              36BE     36BE       5C      47D       0
                cstackCOMRAM                          1        1       43        1       1
                cstackBANK0                          60       60       47       60       1
                dataBANK0                            CF       CF        3       60       1
                bssBANK0                             A7       A7       28       60       1
                dataCOMRAM                           50       50        1        1       1
                bssCOMRAM                            4A       4A        6        1       1
                cinit                              371A     371A       56      47D       0
                nvCOMRAM                             44       44        6        1       1
                idataBANK0                         3A44     3A44        3      47D       0
                idataCOMRAM                        3A47     3A47        1      47D       0

TOTAL           Name                               Link     Load   Length     Space
        CLASS   STACK          

        CLASS   CODE           
                end_init                             16       16        4         0
                intcode                               8        8        E         0
                reset_vec                             0        0        4         0
                intcode_body                       31F0     31F0       C8         0
                text40                             3996     3996       26         0
                text39                             388E     388E       32         0
                text38                             3A1E     3A1E       1E         0
                text37                             38C0     38C0       30         0
                text36                             3970     3970       26         0
                text35                             3948     3948       28         0
                text34                             3A3C     3A3C        8         0
                text33                             2FDC     2FDC      11A         0
                text32                             358A     358A       70         0
                text31                             391E     391E       2A         0
                text30                             3660     3660       5E         0
                text29                             32B8     32B8       B8         0
                text28                             39BC     39BC       24         0
                text27                             1D4A     1D4A      33C         0
                text26                             19FA     19FA      350         0
                text25                             29D4     29D4      150         0
                text24                             261E     261E      240         0
                text23                             2EBC     2EBC      120         0
                text22                             38F0     38F0       2E         0
                text21                             113A     113A      4A8         0
                text20                             37C2     37C2       48         0
                text19                             30F6     30F6       FA         0
                text18                             3498     3498       82         0
                text17                             35FA     35FA       66         0
                text16                             2D94     2D94      128         0
                text15                             2C62     2C62      132         0
                text14                             3414     3414       84         0
                text13                             351A     351A       70         0
                text12                             23A4     23A4      27A         0
                text11                             3A00     3A00       1E         0
                text10                             15E2     15E2      418         0
                text9                               8FA      8FA      840         0
                text8                              285E     285E      176         0
                text7                              3770     3770       52         0
                text6                              384C     384C       42         0
                text5                              3370     3370       A4         0
                text4                              380A     380A       42         0
                text3                              2B24     2B24      13E         0
                text2                              39E0     39E0       20         0
                text1                              2086     2086      31E         0
                text0                              36BE     36BE       5C         0
                cinit                              371A     371A       56         0
                idataBANK0                         3A44     3A44        3         0
                idataCOMRAM                        3A47     3A47        1         0

        CLASS   CONST          

        CLASS   SMALLCONST     
                smallconst                          800      800       FA         0

        CLASS   MEDIUMCONST    

        CLASS   COMRAM         
                temp                                 51       51        1         1
                cstackCOMRAM                          1        1       43         1
                dataCOMRAM                           50       50        1         1
                bssCOMRAM                            4A       4A        6         1
                nvCOMRAM                             44       44        6         1

        CLASS   ABS1           

        CLASS   BIGRAM         

        CLASS   RAM            

        CLASS   BANK0          
                cstackBANK0                          60       60       47         1
                dataBANK0                            CF       CF        3         1
                bssBANK0                             A7       A7       28         1

        CLASS   BANK1          

        CLASS   BANK2          

        CLASS   BANK3          

        CLASS   BANK4          

        CLASS   BANK5          

        CLASS   BANK6          

        CLASS   BANK7          

        CLASS   SFR            

        CLASS   FARRAM         

        CLASS   CONFIG         
                config                           300000   300000        E         0

        CLASS   IDLOC          
                idloc                            200000   200000        8         0

        CLASS   EEDATA         



SEGMENTS        Name                           Load    Length   Top    Selector   Space  Class

                reset_vec                      000000  000004  000004         0       0  CODE    
                cstackCOMRAM                   000001  000051  000052         1       1  COMRAM  
                intcode                        000008  000012  00001A         4       0  CODE    
                cstackBANK0                    000060  000072  0000D2        60       1  BANK0   
                smallconst                     000800  0000FA  0008FA       400       0  SMALLCON
                text9                          0008FA  00314E  003A48       47D       0  CODE    
                idloc                          200000  000008  200008    200000       0  IDLOC   
                config                         300000  00000E  30000E    300000       0  CONFIG  


UNUSED ADDRESS RANGES

        Name                Unused          Largest block    Delta
        BANK0            0000D2-0000FF               2E
        BANK1            000100-0001FF              100
        BANK2            000200-0002FF              100
        BANK3            000300-0003FF              100
        BANK4            000400-0004FF              100
        BANK5            000500-0005FF              100
        BANK6            000600-0006FF              100
        BANK7            000700-0007FF              100
        BIGRAM           000052-00005F                E
                         0000D2-0007FF              72E
        CODE             000004-000007                4
                         00001A-0007FF              7E6
                         003A48-007FFF             45B8
        COMRAM           000052-00005F                E
        CONST            000004-000007                4
                         00001A-0007FF              7E6
                         003A48-007FFF             45B8
        EEDATA           F00000-F000FF              100
        MEDIUMCONST      003A48-007FFF             45B8
        RAM              0000D2-0007FF              100
        SFR              000F60-000FFF               A0
        SMALLCONST       003A48-007FFF              100
        STACK            0000D2-0007FF              72E

                                  Symbol Table

?___awdiv                          cstackCOMRAM 000015
?___awmod                          cstackCOMRAM 00000F
?___fladd                          cstackBANK0  000060
?___fldiv                          cstackCOMRAM 000036
?___flmul                          cstackCOMRAM 00001D
?___flneg                          cstackCOMRAM 00000F
?___flsub                          cstackBANK0  000074
?___fltol                          cstackCOMRAM 00003F
?___lldiv                          cstackCOMRAM 00000F
?___llmod                          cstackCOMRAM 00000F
?___lwdiv                          cstackCOMRAM 00000F
?___lwmod                          cstackCOMRAM 00000F
?___wmul                           cstackCOMRAM 00000F
?___xxtofl                         cstackCOMRAM 00000F
?__div_to_l_                       cstackCOMRAM 00000F
?__tdiv_to_l_                      cstackCOMRAM 00000F
?_fround                           cstackCOMRAM 000036
?_scale                            cstackCOMRAM 000036
?_sprintf                          cstackBANK0  00007C
LCD_cursor@active                  cstackCOMRAM 00001C
LCD_cursor@blinking                cstackCOMRAM 00001B
LCD_goto_line@line                 cstackCOMRAM 00001B
LCD_initialize@quartz_frequency    cstackCOMRAM 00001D
LCD_send_command@D0                cstackCOMRAM 000019
LCD_send_command@D1                cstackCOMRAM 000018
LCD_send_command@D2                cstackCOMRAM 000017
LCD_send_command@D3                cstackCOMRAM 00001A
LCD_write_char@D0                  cstackCOMRAM 00001E
LCD_write_char@D1                  cstackCOMRAM 00001D
LCD_write_char@D2                  cstackCOMRAM 00001C
LCD_write_char@D3                  cstackCOMRAM 00001B
LCD_write_char@value               cstackCOMRAM 00001F
LCD_write_integer@F4919            bssCOMRAM    00004A
LCD_write_integer@convertedInt     cstackCOMRAM 000030
LCD_write_integer@index            cstackCOMRAM 000036
LCD_write_integer@number_of_digits cstackCOMRAM 000029
LCD_write_integer@value            cstackCOMRAM 000027
LCD_write_integer@zero_cleaning    cstackCOMRAM 00002A
LCD_write_message@buffer           cstackCOMRAM 000020
LCD_write_string@buffer            cstackCOMRAM 000020
_ADCON0                            (abs)        000FC2
_ADCON0bits                        (abs)        000FC2
_ADCON1                            (abs)        000FC1
_ADCON2                            (abs)        000FC0
_ADRESH                            (abs)        000FC4
_ADRESL                            (abs)        000FC3
_INTCONbits                        (abs)        000FF2
_LATA                              (abs)        000F89
_LATB                              (abs)        000F8A
_LATBbits                          (abs)        000F8A
_LATC                              (abs)        000F8B
_LATCbits                          (abs)        000F8B
_LCD_clear                         text36       003970
_LCD_cursor                        text35       003948
_LCD_enable_pulse                  text38       003A1E
_LCD_goto_line                     text29       0032B8
_LCD_initialize                    text33       002FDC
_LCD_send_command                  text37       0038C0
_LCD_write_char                    text32       00358A
_LCD_write_integer                 text3        002B24
_LCD_write_message                 text31       00391E
_LCD_write_string                  text28       0039BC
_PORTAbits                         (abs)        000F80
_PORTCbits                         (abs)        000F82
_T0CON                             (abs)        000FD5
_TMR0H                             (abs)        000FD7
_TMR0L                             (abs)        000FD6
_TRISA                             (abs)        000F92
_TRISB                             (abs)        000F93
_TRISC                             (abs)        000F94
__CFG_BOR$ON                       (abs)        000000
__CFG_BORV$3                       (abs)        000000
__CFG_CCP2MX$ON                    (abs)        000000
__CFG_CP0$OFF                      (abs)        000000
__CFG_CP1$OFF                      (abs)        000000
__CFG_CP2$OFF                      (abs)        000000
__CFG_CP3$OFF                      (abs)        000000
__CFG_CPB$OFF                      (abs)        000000
__CFG_CPD$OFF                      (abs)        000000
__CFG_CPUDIV$OSC1_PLL2             (abs)        000000
__CFG_EBTR0$OFF                    (abs)        000000
__CFG_EBTR1$OFF                    (abs)        000000
__CFG_EBTR2$OFF                    (abs)        000000
__CFG_EBTR3$OFF                    (abs)        000000
__CFG_EBTRB$OFF                    (abs)        000000
__CFG_FCMEN$OFF                    (abs)        000000
__CFG_FOSC$HS                      (abs)        000000
__CFG_IESO$OFF                     (abs)        000000
__CFG_LPT1OSC$OFF                  (abs)        000000
__CFG_LVP$OFF                      (abs)        000000
__CFG_MCLRE$ON                     (abs)        000000
__CFG_PBADEN$ON                    (abs)        000000
__CFG_PLLDIV$1                     (abs)        000000
__CFG_PWRT$OFF                     (abs)        000000
__CFG_STVREN$ON                    (abs)        000000
__CFG_USBDIV$1                     (abs)        000000
__CFG_VREGEN$OFF                   (abs)        000000
__CFG_WDT$OFF                      (abs)        000000
__CFG_WDTPS$32768                  (abs)        000000
__CFG_WRT0$OFF                     (abs)        000000
__CFG_WRT1$OFF                     (abs)        000000
__CFG_WRT2$OFF                     (abs)        000000
__CFG_WRT3$OFF                     (abs)        000000
__CFG_WRTB$OFF                     (abs)        000000
__CFG_WRTC$OFF                     (abs)        000000
__CFG_WRTD$OFF                     (abs)        000000
__CFG_XINST$OFF                    (abs)        000000
__HRAM                             (abs)        000000
__Habs1                            abs1         000000
__Hbank0                           bank0        000000
__Hbank1                           bank1        000000
__Hbank2                           bank2        000000
__Hbank3                           bank3        000000
__Hbank4                           bank4        000000
__Hbank5                           bank5        000000
__Hbank6                           bank6        000000
__Hbank7                           bank7        000000
__Hbigbss                          bigbss       000000
__Hbigdata                         bigdata      000000
__Hbigram                          bigram       000000
__Hbss                             bss          000000
__HbssBANK0                        bssBANK0     000000
__HbssCOMRAM                       bssCOMRAM    000000
__Hcinit                           cinit        000000
__Hclrtext                         clrtext      000000
__Hcomram                          comram       000000
__Hconfig                          config       30000E
__Hconst                           const        000000
__HcstackBANK0                     cstackBANK0  000000
__HcstackCOMRAM                    cstackCOMRAM 000000
__Hdata                            data         000000
__HdataBANK0                       dataBANK0    000000
__HdataCOMRAM                      dataCOMRAM   000000
__Heeprom_data                     eeprom_data  000000
__Hend_init                        end_init     00001A
__Hfarbss                          farbss       000000
__Hfardata                         fardata      000000
__Hibigdata                        ibigdata     000000
__Hidata                           idata        000000
__HidataBANK0                      idataBANK0   000000
__HidataCOMRAM                     idataCOMRAM  000000
__Hidloc                           idloc        200008
__Hifardata                        ifardata     000000
__Hinit                            init         000016
__Hintcode                         intcode      000016
__Hintcode_body                    intcode_body 000000
__Hintcodelo                       intcodelo    000016
__Hintentry                        intentry     000000
__Hintret                          intret       000000
__Hintsave_regs                    intsave_regs 000000
__Hirdata                          irdata       000000
__Hmediumconst                     mediumconst  000000
__HnvCOMRAM                        nvCOMRAM     000000
__HnvFARRAM                        nvFARRAM     000000
__Hnvbit                           nvbit        000000
__Hnvrram                          nvrram       000000
__Hparam                           rparam       000000
__Hpowerup                         powerup      000016
__Hram                             ram          000000
__Hramtop                          ramtop       000800
__Hrbit                            rbit         000000
__Hrbss                            rbss         000000
__Hrdata                           rdata        000000
__Hreset_vec                       reset_vec    000004
__Hrparam                          rparam       000000
__Hsfr                             sfr          000000
__Hsmallconst                      smallconst   0008FA
__Hspace_0                         (abs)        30000E
__Hspace_1                         (abs)        0000D2
__Hspace_2                         (abs)        000000
__Hstack                           stack        000000
__Hstruct                          struct       000000
__Htemp                            temp         000052
__Htext                            text         000000
__Htext0                           text0        000000
__Htext1                           text1        000000
__Htext10                          text10       000000
__Htext11                          text11       000000
__Htext12                          text12       000000
__Htext13                          text13       000000
__Htext14                          text14       000000
__Htext15                          text15       000000
__Htext16                          text16       000000
__Htext17                          text17       000000
__Htext18                          text18       000000
__Htext19                          text19       000000
__Htext2                           text2        000000
__Htext20                          text20       000000
__Htext21                          text21       000000
__Htext22                          text22       000000
__Htext23                          text23       000000
__Htext24                          text24       000000
__Htext25                          text25       000000
__Htext26                          text26       000000
__Htext27                          text27       000000
__Htext28                          text28       000000
__Htext29                          text29       000000
__Htext3                           text3        000000
__Htext30                          text30       000000
__Htext31                          text31       000000
__Htext32                          text32       000000
__Htext33                          text33       000000
__Htext34                          text34       000000
__Htext35                          text35       000000
__Htext36                          text36       000000
__Htext37                          text37       000000
__Htext38                          text38       000000
__Htext39                          text39       000000
__Htext4                           text4        000000
__Htext40                          text40       000000
__Htext5                           text5        000000
__Htext6                           text6        000000
__Htext7                           text7        000000
__Htext8                           text8        000000
__Htext9                           text9        000000
__LRAM                             (abs)        000001
__Labs1                            abs1         000000
__Lbank0                           bank0        000000
__Lbank1                           bank1        000000
__Lbank2                           bank2        000000
__Lbank3                           bank3        000000
__Lbank4                           bank4        000000
__Lbank5                           bank5        000000
__Lbank6                           bank6        000000
__Lbank7                           bank7        000000
__Lbigbss                          bigbss       000000
__Lbigdata                         bigdata      000000
__Lbigram                          bigram       000000
__Lbss                             bss          000000
__LbssBANK0                        bssBANK0     000000
__LbssCOMRAM                       bssCOMRAM    000000
__Lcinit                           cinit        000000
__Lclrtext                         clrtext      000000
__Lcomram                          comram       000000
__Lconfig                          config       300000
__Lconst                           const        000000
__LcstackBANK0                     cstackBANK0  000000
__LcstackCOMRAM                    cstackCOMRAM 000000
__Ldata                            data         000000
__LdataBANK0                       dataBANK0    000000
__LdataCOMRAM                      dataCOMRAM   000000
__Leeprom_data                     eeprom_data  000000
__Lend_init                        end_init     000016
__Lfarbss                          farbss       000000
__Lfardata                         fardata      000000
__Libigdata                        ibigdata     000000
__Lidata                           idata        000000
__LidataBANK0                      idataBANK0   000000
__LidataCOMRAM                     idataCOMRAM  000000
__Lidloc                           idloc        200000
__Lifardata                        ifardata     000000
__Linit                            init         000016
__Lintcode                         intcode      000008
__Lintcode_body                    intcode_body 000000
__Lintcodelo                       intcodelo    000016
__Lintentry                        intentry     000000
__Lintret                          intret       000000
__Lintsave_regs                    intsave_regs 000000
__Lirdata                          irdata       000000
__Lmediumconst                     mediumconst  000000
__LnvCOMRAM                        nvCOMRAM     000000
__LnvFARRAM                        nvFARRAM     000000
__Lnvbit                           nvbit        000000
__Lnvrram                          nvrram       000000
__Lparam                           rparam       000000
__Lpowerup                         powerup      000016
__Lram                             ram          000000
__Lramtop                          ramtop       000800
__Lrbit                            rbit         000000
__Lrbss                            rbss         000000
__Lrdata                           rdata        000000
__Lreset_vec                       reset_vec    000000
__Lrparam                          rparam       000000
__Lsfr                             sfr          000000
__Lsmallconst                      smallconst   000800
__Lspace_0                         (abs)        000000
__Lspace_1                         (abs)        000000
__Lspace_2                         (abs)        000000
__Lstack                           stack        000000
__Lstruct                          struct       000000
__Ltemp                            temp         000051
__Ltext                            text         000000
__Ltext0                           text0        000000
__Ltext1                           text1        000000
__Ltext10                          text10       000000
__Ltext11                          text11       000000
__Ltext12                          text12       000000
__Ltext13                          text13       000000
__Ltext14                          text14       000000
__Ltext15                          text15       000000
__Ltext16                          text16       000000
__Ltext17                          text17       000000
__Ltext18                          text18       000000
__Ltext19                          text19       000000
__Ltext2                           text2        000000
__Ltext20                          text20       000000
__Ltext21                          text21       000000
__Ltext22                          text22       000000
__Ltext23                          text23       000000
__Ltext24                          text24       000000
__Ltext25                          text25       000000
__Ltext26                          text26       000000
__Ltext27                          text27       000000
__Ltext28                          text28       000000
__Ltext29                          text29       000000
__Ltext3                           text3        000000
__Ltext30                          text30       000000
__Ltext31                          text31       000000
__Ltext32                          text32       000000
__Ltext33                          text33       000000
__Ltext34                          text34       000000
__Ltext35                          text35       000000
__Ltext36                          text36       000000
__Ltext37                          text37       000000
__Ltext38                          text38       000000
__Ltext39                          text39       000000
__Ltext4                           text4        000000
__Ltext40                          text40       000000
__Ltext5                           text5        000000
__Ltext6                           text6        000000
__Ltext7                           text7        000000
__Ltext8                           text8        000000
__Ltext9                           text9        000000
__S0                               (abs)        30000E
__S1                               (abs)        0000D2
__S2                               (abs)        000000
___awdiv                           text14       003414
___awdiv@counter                   cstackCOMRAM 000019
___awdiv@dividend                  cstackCOMRAM 000015
___awdiv@divisor                   cstackCOMRAM 000017
___awdiv@quotient                  cstackCOMRAM 00001B
___awdiv@sign                      cstackCOMRAM 00001A
___awmod                           text13       00351A
___awmod@counter                   cstackCOMRAM 000013
___awmod@dividend                  cstackCOMRAM 00000F
___awmod@divisor                   cstackCOMRAM 000011
___awmod@sign                      cstackCOMRAM 000014
___fladd                           text21       00113A
___fladd@a                         cstackBANK0  000064
___fladd@aexp                      cstackBANK0  000071
___fladd@b                         cstackBANK0  000060
___fladd@bexp                      cstackBANK0  000072
___fladd@grs                       cstackBANK0  000073
___fladd@signs                     cstackBANK0  000070
___fldiv                           text27       001D4A
___fldiv@a                         cstackCOMRAM 00003A
___fldiv@aexp                      cstackBANK0  00006C
___fldiv@b                         cstackCOMRAM 000036
___fldiv@bexp                      cstackBANK0  00006B
___fldiv@grs                       cstackBANK0  000067
___fldiv@new_exp                   cstackBANK0  000065
___fldiv@rem                       cstackBANK0  000061
___fldiv@sign                      cstackBANK0  000060
___flge                            text23       002EBC
___flge@ff1                        cstackCOMRAM 00000F
___flge@ff2                        cstackCOMRAM 000013
___flmul                           text26       0019FA
___flmul@a                         cstackCOMRAM 000021
___flmul@aexp                      cstackCOMRAM 00002E
___flmul@b                         cstackCOMRAM 00001D
___flmul@bexp                      cstackCOMRAM 00002F
___flmul@grs                       cstackCOMRAM 00002A
___flmul@prod                      cstackCOMRAM 000030
___flmul@sign                      cstackCOMRAM 000029
___flmul@temp                      cstackCOMRAM 000034
___flneg                           text22       0038F0
___flneg@f1                        cstackCOMRAM 00000F
___flsub                           text20       0037C2
___flsub@a                         cstackBANK0  000078
___flsub@b                         cstackBANK0  000074
___fltol                           text19       0030F6
___fltol@exp1                      cstackBANK0  000065
___fltol@f1                        cstackCOMRAM 00003F
___fltol@sign1                     cstackBANK0  000064
___inthi_sp                        stack        000000
___intlo_sp                        stack        000000
___lldiv                           text18       003498
___lldiv@counter                   cstackCOMRAM 00001B
___lldiv@dividend                  cstackCOMRAM 00000F
___lldiv@divisor                   cstackCOMRAM 000013
___lldiv@quotient                  cstackCOMRAM 000017
___llmod                           text17       0035FA
___llmod@counter                   cstackCOMRAM 000017
___llmod@dividend                  cstackCOMRAM 00000F
___llmod@divisor                   cstackCOMRAM 000013
___lwdiv                           text7        003770
___lwdiv@counter                   cstackCOMRAM 000015
___lwdiv@dividend                  cstackCOMRAM 00000F
___lwdiv@divisor                   cstackCOMRAM 000011
___lwdiv@quotient                  cstackCOMRAM 000013
___lwmod                           text6        00384C
___lwmod@counter                   cstackCOMRAM 000013
___lwmod@dividend                  cstackCOMRAM 00000F
___lwmod@divisor                   cstackCOMRAM 000011
___param_bank                      (abs)        000010
___rparam_used                     (abs)        000001
___sp                              stack        000000
___wmul                            text40       003996
___wmul@multiplicand               cstackCOMRAM 000011
___wmul@multiplier                 cstackCOMRAM 00000F
___wmul@product                    cstackCOMRAM 000013
___xxtofl                          text25       0029D4
___xxtofl@arg                      cstackCOMRAM 000019
___xxtofl@exp                      cstackCOMRAM 000018
___xxtofl@sign                     cstackCOMRAM 000017
___xxtofl@val                      cstackCOMRAM 00000F
__accesstop                        (abs)        000060
__activetblptr                     (abs)        000002
__div_to_l_                        text16       002D94
__div_to_l_@cntr                   cstackCOMRAM 00001B
__div_to_l_@exp1                   cstackCOMRAM 00001C
__div_to_l_@f1                     cstackCOMRAM 00000F
__div_to_l_@f2                     cstackCOMRAM 000013
__div_to_l_@quot                   cstackCOMRAM 000017
__end_of_LCD_clear                 text36       003996
__end_of_LCD_cursor                text35       003970
__end_of_LCD_enable_pulse          text38       003A3C
__end_of_LCD_goto_line             text29       003370
__end_of_LCD_initialize            text33       0030F6
__end_of_LCD_send_command          text37       0038F0
__end_of_LCD_write_char            text32       0035FA
__end_of_LCD_write_integer         text3        002C62
__end_of_LCD_write_message         text31       003948
__end_of_LCD_write_string          text28       0039E0
__end_of___awdiv                   text14       003498
__end_of___awmod                   text13       00358A
__end_of___fladd                   text21       0015E2
__end_of___fldiv                   text27       002086
__end_of___flge                    text23       002FDC
__end_of___flmul                   text26       001D4A
__end_of___flneg                   text22       00391E
__end_of___flsub                   text20       00380A
__end_of___fltol                   text19       0031F0
__end_of___lldiv                   text18       00351A
__end_of___llmod                   text17       003660
__end_of___lwdiv                   text7        0037C2
__end_of___lwmod                   text6        00388E
__end_of___wmul                    text40       0039BC
__end_of___xxtofl                  text25       002B24
__end_of__div_to_l_                text16       002EBC
__end_of__initialization           cinit        003762
__end_of__npowers_                 smallconst   000835
__end_of__powers_                  smallconst   000869
__end_of__tdiv_to_l_               text15       002D94
__end_of_delay_ms                  text39       0038C0
__end_of_delay_s                   text2        003A00
__end_of_delay_set_quartz          text34       003A44
__end_of_dpowers                   smallconst   000891
__end_of_fround                    text12       00261E
__end_of_inizializzazione          text30       0036BE
__end_of_isdigit                   text11       003A1E
__end_of_isr_alta                  intcode_body 0032B8
__end_of_itoa                      text4        00384C
__end_of_main                      text0        00371A
__end_of_read_adc                  text24       00285E
__end_of_ricarica                  text8        0029D4
__end_of_scale                     text10       0019FA
__end_of_scarica                   text1        0023A4
__end_of_sprintf                   text9        00113A
__end_of_utoa                      text5        003414
__initialization                   cinit        00371A
__mediumconst                      mediumconst  000000
__npowers_                         smallconst   000801
__pbssBANK0                        bssBANK0     0000A7
__pbssCOMRAM                       bssCOMRAM    00004A
__pcinit                           cinit        00371A
__pcstackBANK0                     cstackBANK0  000060
__pcstackCOMRAM                    cstackCOMRAM 000001
__pdataBANK0                       dataBANK0    0000CF
__pdataCOMRAM                      dataCOMRAM   000050
__pidataBANK0                      idataBANK0   003A44
__pidataCOMRAM                     idataCOMRAM  003A47
__pintcode                         intcode      000008
__pintcode_body                    intcode_body 0031F0
__pnvCOMRAM                        nvCOMRAM     000044
__powers_                          smallconst   000835
__psmallconst                      smallconst   000800
__ptext0                           text0        0036BE
__ptext1                           text1        002086
__ptext10                          text10       0015E2
__ptext11                          text11       003A00
__ptext12                          text12       0023A4
__ptext13                          text13       00351A
__ptext14                          text14       003414
__ptext15                          text15       002C62
__ptext16                          text16       002D94
__ptext17                          text17       0035FA
__ptext18                          text18       003498
__ptext19                          text19       0030F6
__ptext2                           text2        0039E0
__ptext20                          text20       0037C2
__ptext21                          text21       00113A
__ptext22                          text22       0038F0
__ptext23                          text23       002EBC
__ptext24                          text24       00261E
__ptext25                          text25       0029D4
__ptext26                          text26       0019FA
__ptext27                          text27       001D4A
__ptext28                          text28       0039BC
__ptext29                          text29       0032B8
__ptext3                           text3        002B24
__ptext30                          text30       003660
__ptext31                          text31       00391E
__ptext32                          text32       00358A
__ptext33                          text33       002FDC
__ptext34                          text34       003A3C
__ptext35                          text35       003948
__ptext36                          text36       003970
__ptext37                          text37       0038C0
__ptext38                          text38       003A1E
__ptext39                          text39       00388E
__ptext4                           text4        00380A
__ptext40                          text40       003996
__ptext5                           text5        003370
__ptext6                           text6        00384C
__ptext7                           text7        003770
__ptext8                           text8        00285E
__ptext9                           text9        0008FA
__ramtop                           ramtop       000800
__size_of_LCD_clear                (abs)        000000
__size_of_LCD_cursor               (abs)        000000
__size_of_LCD_enable_pulse         (abs)        000000
__size_of_LCD_goto_line            (abs)        000000
__size_of_LCD_initialize           (abs)        000000
__size_of_LCD_send_command         (abs)        000000
__size_of_LCD_write_char           (abs)        000000
__size_of_LCD_write_integer        (abs)        000000
__size_of_LCD_write_message        (abs)        000000
__size_of_LCD_write_string         (abs)        000000
__size_of___awdiv                  (abs)        000000
__size_of___awmod                  (abs)        000000
__size_of___fladd                  (abs)        000000
__size_of___fldiv                  (abs)        000000
__size_of___flge                   (abs)        000000
__size_of___flmul                  (abs)        000000
__size_of___flneg                  (abs)        000000
__size_of___flsub                  (abs)        000000
__size_of___fltol                  (abs)        000000
__size_of___lldiv                  (abs)        000000
__size_of___llmod                  (abs)        000000
__size_of___lwdiv                  (abs)        000000
__size_of___lwmod                  (abs)        000000
__size_of___wmul                   (abs)        000000
__size_of___xxtofl                 (abs)        000000
__size_of__div_to_l_               (abs)        000000
__size_of__tdiv_to_l_              (abs)        000000
__size_of_delay_ms                 (abs)        000000
__size_of_delay_s                  (abs)        000000
__size_of_delay_set_quartz         (abs)        000000
__size_of_fround                   (abs)        000000
__size_of_inizializzazione         (abs)        000000
__size_of_isdigit                  (abs)        000000
__size_of_isr_alta                 (abs)        000000
__size_of_itoa                     (abs)        000000
__size_of_main                     (abs)        000000
__size_of_read_adc                 (abs)        000000
__size_of_ricarica                 (abs)        000000
__size_of_scale                    (abs)        000000
__size_of_scarica                  (abs)        000000
__size_of_sprintf                  (abs)        000000
__size_of_utoa                     (abs)        000000
__smallconst                       smallconst   000800
__tdiv_to_l_                       text15       002C62
__tdiv_to_l_@cntr                  cstackCOMRAM 00001E
__tdiv_to_l_@exp1                  cstackCOMRAM 00001F
__tdiv_to_l_@f1                    cstackCOMRAM 00000F
__tdiv_to_l_@f2                    cstackCOMRAM 000013
__tdiv_to_l_@quot                  cstackCOMRAM 00001A
_clock_counter_reference           nvCOMRAM     000044
_combinazioni                      dataBANK0    0000CF
_current                           bssBANK0     0000AD
_delay_ms                          text39       00388E
_delay_quartz_frequency_value      dataCOMRAM   000050
_delay_s                           text2        0039E0
_delay_set_quartz                  text34       003A3C
_dpowers                           smallconst   000869
_fround                            text12       0023A4
_fround$1354                       cstackCOMRAM 00003E
_fround$1355                       cstackCOMRAM 00003A
_inizializzazione                  text30       003660
_isdigit                           text11       003A00
_isdigit$980                       cstackCOMRAM 000010
_isr_alta                          intcode      000008
_itoa                              text4        00380A
_lettura                           bssBANK0     0000A7
_main                              text0        0036BE
_minuti                            bssBANK0     0000C1
_ore                               bssBANK0     0000C3
_rapporto                          nvCOMRAM     000046
_read_adc                          text24       00261E
_ricarica                          text8        00285E
_scale                             text10       0015E2
_scale$1356                        cstackCOMRAM 00003A
_scarica                           text1        002086
_secondi                           bssBANK0     0000C5
_sommatoriaCorrente                bssBANK0     0000B1
_sprintf                           text9        0008FA
_sprintf$1357                      cstackBANK0  000086
_str                               bssBANK0     0000C7
_tempo                             bssBANK0     0000B5
_tempo_old                         bssBANK0     0000B9
_utoa                              text5        003370
_voltage                           bssBANK0     0000BD
btemp                              temp         000051
delay_ms@value_ms                  cstackCOMRAM 000015
delay_s@repeat_loop                cstackCOMRAM 000018
delay_s@value_s                    cstackCOMRAM 000017
delay_set_quartz@frequency         cstackCOMRAM 00000F
end_of_initialization              cinit        003762
fround@prec                        cstackCOMRAM 000042
int$flags                          temp         000051
int_func                           intcode_body 0031F0
intlevel0                          text         000000
intlevel1                          text         000000
intlevel2                          text         000000
intlevel3                          text         000000
isdigit@c                          cstackCOMRAM 000011
itoa@base                          cstackCOMRAM 000023
itoa@buf                           cstackCOMRAM 00001F
itoa@cp                            cstackCOMRAM 000025
itoa@val                           cstackCOMRAM 000021
read_adc@i                         cstackBANK0  00006D
scale@scl                          cstackCOMRAM 00003E
sprintf@ap                         cstackBANK0  00008A
sprintf@c                          cstackBANK0  00009E
sprintf@exp                        cstackBANK0  000092
sprintf@f                          cstackBANK0  00007E
sprintf@flag                       cstackBANK0  00008C
sprintf@fval                       cstackBANK0  00009A
sprintf@prec                       cstackBANK0  000098
sprintf@sp                         cstackBANK0  00007C
sprintf@tmpval                     cstackBANK0  000094
sprintf@val                        cstackBANK0  00008E
stackhi                            (abs)        0007FF
stacklo                            (abs)        0000D2
start                              init         000016
start_initialization               cinit        00371A
utoa@base                          cstackCOMRAM 00001A
utoa@buf                           cstackCOMRAM 000016
utoa@c                             cstackCOMRAM 00001E
utoa@v                             cstackCOMRAM 00001C
utoa@val                           cstackCOMRAM 000018


FUNCTION INFORMATION:

 *************** function _main *****************
 Defined at:
		line 67 in file "tester.c"
 Parameters:    Size  Location     Type
		None
 Auto vars:     Size  Location     Type
		None
 Return value:  Size  Location     Type
		None               void
 Registers used:
		wreg, fsr1l, fsr1h, fsr2l, fsr2h, status,2, status,0, tblptrl, tblptrh, tblptru, prodl, prodh, cstack
 Tracked objects:
		On entry : 
		On exit  : 
		Unchanged: 
 Data sizes:     COMRAM   BANK0   BANK1   BANK2   BANK3   BANK4   BANK5   BANK6   BANK7
      Params:         0       0       0       0       0       0       0       0       0
      Locals:         0       0       0       0       0       0       0       0       0
      Temps:          0       0       0       0       0       0       0       0       0
      Totals:         0       0       0       0       0       0       0       0       0
Total ram usage:        0 bytes
 Hardware stack levels required when called:    9
 This function calls:
		___fldiv
		_delay_set_quartz
		_inizializzazione
		_read_adc
		_ricarica
		_scarica
 This function is called by:
		Startup code after reset
 This function uses a non-reentrant model


 *************** function _scarica *****************
 Defined at:
		line 79 in file "tester.c"
 Parameters:    Size  Location     Type
		None
 Auto vars:     Size  Location     Type
		None
 Return value:  Size  Location     Type
		None               void
 Registers used:
		wreg, fsr1l, fsr1h, fsr2l, fsr2h, status,2, status,0, tblptrl, tblptrh, tblptru, prodl, prodh, cstack
 Tracked objects:
		On entry : 
		On exit  : 
		Unchanged: 
 Data sizes:     COMRAM   BANK0   BANK1   BANK2   BANK3   BANK4   BANK5   BANK6   BANK7
      Params:         0       0       0       0       0       0       0       0       0
      Locals:         0       0       0       0       0       0       0       0       0
      Temps:          0       8       0       0       0       0       0       0       0
      Totals:         0       8       0       0       0       0       0       0       0
Total ram usage:        8 bytes
 Hardware stack levels used:    1
 Hardware stack levels required when called:    8
 This function calls:
		_LCD_clear
		_LCD_goto_line
		_LCD_write_integer
		_LCD_write_message
		_LCD_write_string
		___fladd
		___fldiv
		___flge
		___xxtofl
		_delay_s
		_read_adc
		_sprintf
 This function is called by:
		_main
 This function uses a non-reentrant model


 *************** function _delay_s *****************
 Defined at:
		line 102 in file "../../LaurTec_PIC_libraries_v_3.3.0/src\delay.c"
 Parameters:    Size  Location     Type
  value_s         1    wreg     unsigned char 
 Auto vars:     Size  Location     Type
  value_s         1   22[COMRAM] unsigned char 
  repeat_loop     1   23[COMRAM] unsigned char 
 Return value:  Size  Location     Type
		None               void
 Registers used:
		wreg, status,2, status,0, prodl, prodh, cstack
 Tracked objects:
		On entry : 
		On exit  : 
		Unchanged: 
 Data sizes:     COMRAM   BANK0   BANK1   BANK2   BANK3   BANK4   BANK5   BANK6   BANK7
      Params:         0       0       0       0       0       0       0       0       0
      Locals:         2       0       0       0       0       0       0       0       0
      Temps:          0       0       0       0       0       0       0       0       0
      Totals:         2       0       0       0       0       0       0       0       0
Total ram usage:        2 bytes
 Hardware stack levels used:    1
 Hardware stack levels required when called:    3
 This function calls:
		_delay_ms
 This function is called by:
		_scarica
 This function uses a non-reentrant model


 *************** function _LCD_write_integer *****************
 Defined at:
		line 210 in file "../../LaurTec_PIC_libraries_v_3.3.0/src\LCD_44780.c"
 Parameters:    Size  Location     Type
  value           2   38[COMRAM] int 
  number_of_di    1   40[COMRAM] unsigned char 
  zero_cleanin    1   41[COMRAM] unsigned char 
 Auto vars:     Size  Location     Type
  convertedInt    6   47[COMRAM] unsigned char [6]
  index           1   53[COMRAM] unsigned char 
 Return value:  Size  Location     Type
		None               void
 Registers used:
		wreg, fsr1l, fsr1h, fsr2l, fsr2h, status,2, status,0, prodl, prodh, cstack
 Tracked objects:
		On entry : 
		On exit  : 
		Unchanged: 
 Data sizes:     COMRAM   BANK0   BANK1   BANK2   BANK3   BANK4   BANK5   BANK6   BANK7
      Params:         4       0       0       0       0       0       0       0       0
      Locals:         7       0       0       0       0       0       0       0       0
      Temps:          5       0       0       0       0       0       0       0       0
      Totals:        16       0       0       0       0       0       0       0       0
Total ram usage:       16 bytes
 Hardware stack levels used:    1
 Hardware stack levels required when called:    7
 This function calls:
		_LCD_write_string
		_itoa
 This function is called by:
		_scarica
 This function uses a non-reentrant model


 *************** function _itoa *****************
 Defined at:
		line 4 in file "C:\Program Files (x86)\Microchip\xc8\v1.35\sources\common\itoa.c"
 Parameters:    Size  Location     Type
  buf             2   30[COMRAM] PTR unsigned char 
		 -> LCD_write_integer@convertedInt(6), 
  val             2   32[COMRAM] int 
  base            2   34[COMRAM] int 
 Auto vars:     Size  Location     Type
  cp              2   36[COMRAM] PTR unsigned char 
		 -> LCD_write_integer@convertedInt(6), 
 Return value:  Size  Location     Type
                  2   30[COMRAM] PTR unsigned char 
 Registers used:
		wreg, fsr2l, fsr2h, status,2, status,0, cstack
 Tracked objects:
		On entry : 
		On exit  : 
		Unchanged: 
 Data sizes:     COMRAM   BANK0   BANK1   BANK2   BANK3   BANK4   BANK5   BANK6   BANK7
      Params:         6       0       0       0       0       0       0       0       0
      Locals:         2       0       0       0       0       0       0       0       0
      Temps:          0       0       0       0       0       0       0       0       0
      Totals:         8       0       0       0       0       0       0       0       0
Total ram usage:        8 bytes
 Hardware stack levels used:    1
 Hardware stack levels required when called:    3
 This function calls:
		_utoa
 This function is called by:
		_LCD_write_integer
 This function uses a non-reentrant model


 *************** function _utoa *****************
 Defined at:
		line 17 in file "C:\Program Files (x86)\Microchip\xc8\v1.35\sources\common\itoa.c"
 Parameters:    Size  Location     Type
  buf             2   21[COMRAM] PTR unsigned char 
		 -> LCD_write_integer@convertedInt(6), 
  val             2   23[COMRAM] unsigned int 
  base            2   25[COMRAM] int 
 Auto vars:     Size  Location     Type
  v               2   27[COMRAM] unsigned int 
  c               1   29[COMRAM] unsigned char 
 Return value:  Size  Location     Type
                  2   21[COMRAM] PTR unsigned char 
 Registers used:
		wreg, fsr2l, fsr2h, status,2, status,0, cstack
 Tracked objects:
		On entry : 
		On exit  : 
		Unchanged: 
 Data sizes:     COMRAM   BANK0   BANK1   BANK2   BANK3   BANK4   BANK5   BANK6   BANK7
      Params:         6       0       0       0       0       0       0       0       0
      Locals:         3       0       0       0       0       0       0       0       0
      Temps:          0       0       0       0       0       0       0       0       0
      Totals:         9       0       0       0       0       0       0       0       0
Total ram usage:        9 bytes
 Hardware stack levels used:    1
 Hardware stack levels required when called:    2
 This function calls:
		___lwdiv
		___lwmod
 This function is called by:
		_itoa
 This function uses a non-reentrant model


 *************** function ___lwmod *****************
 Defined at:
		line 8 in file "C:\Program Files (x86)\Microchip\xc8\v1.35\sources\common\lwmod.c"
 Parameters:    Size  Location     Type
  dividend        2   14[COMRAM] unsigned int 
  divisor         2   16[COMRAM] unsigned int 
 Auto vars:     Size  Location     Type
  counter         1   18[COMRAM] unsigned char 
 Return value:  Size  Location     Type
                  2   14[COMRAM] unsigned int 
 Registers used:
		wreg, status,2, status,0
 Tracked objects:
		On entry : 
		On exit  : 
		Unchanged: 
 Data sizes:     COMRAM   BANK0   BANK1   BANK2   BANK3   BANK4   BANK5   BANK6   BANK7
      Params:         4       0       0       0       0       0       0       0       0
      Locals:         1       0       0       0       0       0       0       0       0
      Temps:          0       0       0       0       0       0       0       0       0
      Totals:         5       0       0       0       0       0       0       0       0
Total ram usage:        5 bytes
 Hardware stack levels used:    1
 Hardware stack levels required when called:    1
 This function calls:
		Nothing
 This function is called by:
		_utoa
 This function uses a non-reentrant model


 *************** function ___lwdiv *****************
 Defined at:
		line 8 in file "C:\Program Files (x86)\Microchip\xc8\v1.35\sources\common\lwdiv.c"
 Parameters:    Size  Location     Type
  dividend        2   14[COMRAM] unsigned int 
  divisor         2   16[COMRAM] unsigned int 
 Auto vars:     Size  Location     Type
  quotient        2   18[COMRAM] unsigned int 
  counter         1   20[COMRAM] unsigned char 
 Return value:  Size  Location     Type
                  2   14[COMRAM] unsigned int 
 Registers used:
		wreg, status,2, status,0
 Tracked objects:
		On entry : 
		On exit  : 
		Unchanged: 
 Data sizes:     COMRAM   BANK0   BANK1   BANK2   BANK3   BANK4   BANK5   BANK6   BANK7
      Params:         4       0       0       0       0       0       0       0       0
      Locals:         3       0       0       0       0       0       0       0       0
      Temps:          0       0       0       0       0       0       0       0       0
      Totals:         7       0       0       0       0       0       0       0       0
Total ram usage:        7 bytes
 Hardware stack levels used:    1
 Hardware stack levels required when called:    1
 This function calls:
		Nothing
 This function is called by:
		_utoa
 This function uses a non-reentrant model


 *************** function _ricarica *****************
 Defined at:
		line 130 in file "tester.c"
 Parameters:    Size  Location     Type
		None
 Auto vars:     Size  Location     Type
		None
 Return value:  Size  Location     Type
		None               void
 Registers used:
		wreg, fsr2l, fsr2h, status,2, status,0, tblptrl, tblptrh, tblptru, prodl, prodh, cstack
 Tracked objects:
		On entry : 
		On exit  : 
		Unchanged: 
 Data sizes:     COMRAM   BANK0   BANK1   BANK2   BANK3   BANK4   BANK5   BANK6   BANK7
      Params:         0       0       0       0       0       0       0       0       0
      Locals:         0       0       0       0       0       0       0       0       0
      Temps:          0       0       0       0       0       0       0       0       0
      Totals:         0       0       0       0       0       0       0       0       0
Total ram usage:        0 bytes
 Hardware stack levels used:    1
 Hardware stack levels required when called:    7
 This function calls:
		_LCD_clear
		_LCD_goto_line
		_LCD_write_message
		_LCD_write_string
		___flge
		_delay_ms
		_read_adc
		_sprintf
 This function is called by:
		_main
 This function uses a non-reentrant model


 *************** function _sprintf *****************
 Defined at:
		line 492 in file "C:\Program Files (x86)\Microchip\xc8\v1.35\sources\common\doprnt.c"
 Parameters:    Size  Location     Type
  sp              2   28[BANK0 ] PTR unsigned char 
		 -> str(8), 
  f               2   30[BANK0 ] PTR const unsigned char 
		 -> STR_12(8), STR_11(7), STR_8(5), STR_5(8), 
		 -> STR_4(7), 
 Auto vars:     Size  Location     Type
  fval            4   58[BANK0 ] PTR const unsigned char 
  tmpval          4   52[BANK0 ] struct .
  val             4   46[BANK0 ] unsigned long 
  cp              3    0        PTR const unsigned char 
  prec            2   56[BANK0 ] int 
  exp             2   50[BANK0 ] int 
  flag            2   44[BANK0 ] unsigned short 
  ap              2   42[BANK0 ] PTR void [1]
		 -> ?_sprintf(2), 
  len             2    0        unsigned int 
  width           2    0        int 
  c               1   62[BANK0 ] char 
  d               1    0        unsigned char 
 Return value:  Size  Location     Type
                  2   28[BANK0 ] int 
 Registers used:
		wreg, fsr2l, fsr2h, status,2, status,0, tblptrl, tblptrh, tblptru, prodl, prodh, cstack
 Tracked objects:
		On entry : 
		On exit  : 
		Unchanged: 
 Data sizes:     COMRAM   BANK0   BANK1   BANK2   BANK3   BANK4   BANK5   BANK6   BANK7
      Params:         0       8       0       0       0       0       0       0       0
      Locals:         0      25       0       0       0       0       0       0       0
      Temps:          0       2       0       0       0       0       0       0       0
      Totals:         0      35       0       0       0       0       0       0       0
Total ram usage:       35 bytes
 Hardware stack levels used:    1
 Hardware stack levels required when called:    3
 This function calls:
		___awdiv
		___fladd
		___flge
		___flmul
		___flneg
		___flsub
		___fltol
		___lldiv
		___llmod
		___wmul
		___xxtofl
		__div_to_l_
		__tdiv_to_l_
		_fround
		_isdigit
		_scale
 This function is called by:
		_scarica
		_ricarica
 This function uses a non-reentrant model


 *************** function _scale *****************
 Defined at:
		line 425 in file "C:\Program Files (x86)\Microchip\xc8\v1.35\sources\common\doprnt.c"
 Parameters:    Size  Location     Type
  scl             1    wreg     char 
 Auto vars:     Size  Location     Type
  scl             1   61[COMRAM] char 
 Return value:  Size  Location     Type
                  4   53[COMRAM] char 
 Registers used:
		wreg, status,2, status,0, tblptrl, tblptrh, tblptru, prodl, prodh, cstack
 Tracked objects:
		On entry : 
		On exit  : 
		Unchanged: 
 Data sizes:     COMRAM   BANK0   BANK1   BANK2   BANK3   BANK4   BANK5   BANK6   BANK7
      Params:         4       0       0       0       0       0       0       0       0
      Locals:         5       0       0       0       0       0       0       0       0
      Temps:          0       0       0       0       0       0       0       0       0
      Totals:         9       0       0       0       0       0       0       0       0
Total ram usage:        9 bytes
 Hardware stack levels used:    1
 Hardware stack levels required when called:    2
 This function calls:
		___awdiv
		___awmod
		___flmul
 This function is called by:
		_sprintf
 This function uses a non-reentrant model


 *************** function _isdigit *****************
 Defined at:
		line 8 in file "C:\Program Files (x86)\Microchip\xc8\v1.35\sources\common\isdigit.c"
 Parameters:    Size  Location     Type
  c               1    wreg     unsigned char 
 Auto vars:     Size  Location     Type
  c               1   16[COMRAM] unsigned char 
 Return value:  Size  Location     Type
		None               void
 Registers used:
		wreg, status,2, status,0
 Tracked objects:
		On entry : 
		On exit  : 
		Unchanged: 
 Data sizes:     COMRAM   BANK0   BANK1   BANK2   BANK3   BANK4   BANK5   BANK6   BANK7
      Params:         0       0       0       0       0       0       0       0       0
      Locals:         2       0       0       0       0       0       0       0       0
      Temps:          1       0       0       0       0       0       0       0       0
      Totals:         3       0       0       0       0       0       0       0       0
Total ram usage:        3 bytes
 Hardware stack levels used:    1
 Hardware stack levels required when called:    1
 This function calls:
		Nothing
 This function is called by:
		_sprintf
 This function uses a non-reentrant model


 *************** function _fround *****************
 Defined at:
		line 409 in file "C:\Program Files (x86)\Microchip\xc8\v1.35\sources\common\doprnt.c"
 Parameters:    Size  Location     Type
  prec            1    wreg     unsigned char 
 Auto vars:     Size  Location     Type
  prec            1   65[COMRAM] unsigned char 
 Return value:  Size  Location     Type
                  4   53[COMRAM] unsigned char 
 Registers used:
		wreg, status,2, status,0, tblptrl, tblptrh, tblptru, prodl, prodh, cstack
 Tracked objects:
		On entry : 
		On exit  : 
		Unchanged: 
 Data sizes:     COMRAM   BANK0   BANK1   BANK2   BANK3   BANK4   BANK5   BANK6   BANK7
      Params:         4       0       0       0       0       0       0       0       0
      Locals:         9       0       0       0       0       0       0       0       0
      Temps:          0       0       0       0       0       0       0       0       0
      Totals:        13       0       0       0       0       0       0       0       0
Total ram usage:       13 bytes
 Hardware stack levels used:    1
 Hardware stack levels required when called:    2
 This function calls:
		___awdiv
		___awmod
		___flmul
 This function is called by:
		_sprintf
 This function uses a non-reentrant model


 *************** function ___awmod *****************
 Defined at:
		line 8 in file "C:\Program Files (x86)\Microchip\xc8\v1.35\sources\common\awmod.c"
 Parameters:    Size  Location     Type
  dividend        2   14[COMRAM] int 
  divisor         2   16[COMRAM] int 
 Auto vars:     Size  Location     Type
  sign            1   19[COMRAM] unsigned char 
  counter         1   18[COMRAM] unsigned char 
 Return value:  Size  Location     Type
                  2   14[COMRAM] int 
 Registers used:
		wreg, status,2, status,0
 Tracked objects:
		On entry : 
		On exit  : 
		Unchanged: 
 Data sizes:     COMRAM   BANK0   BANK1   BANK2   BANK3   BANK4   BANK5   BANK6   BANK7
      Params:         4       0       0       0       0       0       0       0       0
      Locals:         2       0       0       0       0       0       0       0       0
      Temps:          0       0       0       0       0       0       0       0       0
      Totals:         6       0       0       0       0       0       0       0       0
Total ram usage:        6 bytes
 Hardware stack levels used:    1
 Hardware stack levels required when called:    1
 This function calls:
		Nothing
 This function is called by:
		_fround
		_scale
 This function uses a non-reentrant model


 *************** function ___awdiv *****************
 Defined at:
		line 8 in file "C:\Program Files (x86)\Microchip\xc8\v1.35\sources\common\awdiv.c"
 Parameters:    Size  Location     Type
  dividend        2   20[COMRAM] int 
  divisor         2   22[COMRAM] int 
 Auto vars:     Size  Location     Type
  quotient        2   26[COMRAM] int 
  sign            1   25[COMRAM] unsigned char 
  counter         1   24[COMRAM] unsigned char 
 Return value:  Size  Location     Type
                  2   20[COMRAM] int 
 Registers used:
		wreg, status,2, status,0
 Tracked objects:
		On entry : 
		On exit  : 
		Unchanged: 
 Data sizes:     COMRAM   BANK0   BANK1   BANK2   BANK3   BANK4   BANK5   BANK6   BANK7
      Params:         4       0       0       0       0       0       0       0       0
      Locals:         4       0       0       0       0       0       0       0       0
      Temps:          0       0       0       0       0       0       0       0       0
      Totals:         8       0       0       0       0       0       0       0       0
Total ram usage:        8 bytes
 Hardware stack levels used:    1
 Hardware stack levels required when called:    1
 This function calls:
		Nothing
 This function is called by:
		_fround
		_scale
		_sprintf
 This function uses a non-reentrant model


 *************** function __tdiv_to_l_ *****************
 Defined at:
		line 60 in file "C:\Program Files (x86)\Microchip\xc8\v1.35\sources\common\ftdivl.c"
 Parameters:    Size  Location     Type
  f1              4   14[COMRAM] float 
  f2              4   18[COMRAM] float 
 Auto vars:     Size  Location     Type
  quot            4   25[COMRAM] unsigned long 
  exp1            1   30[COMRAM] unsigned char 
  cntr            1   29[COMRAM] unsigned char 
 Return value:  Size  Location     Type
                  4   14[COMRAM] unsigned long 
 Registers used:
		wreg, status,2, status,0
 Tracked objects:
		On entry : 
		On exit  : 
		Unchanged: 
 Data sizes:     COMRAM   BANK0   BANK1   BANK2   BANK3   BANK4   BANK5   BANK6   BANK7
      Params:         8       0       0       0       0       0       0       0       0
      Locals:         6       0       0       0       0       0       0       0       0
      Temps:          3       0       0       0       0       0       0       0       0
      Totals:        17       0       0       0       0       0       0       0       0
Total ram usage:       17 bytes
 Hardware stack levels used:    1
 Hardware stack levels required when called:    1
 This function calls:
		Nothing
 This function is called by:
		_sprintf
 This function uses a non-reentrant model


 *************** function __div_to_l_ *****************
 Defined at:
		line 60 in file "C:\Program Files (x86)\Microchip\xc8\v1.35\sources\common\fldivl.c"
 Parameters:    Size  Location     Type
  f1              4   14[COMRAM] unsigned long 
  f2              4   18[COMRAM] unsigned long 
 Auto vars:     Size  Location     Type
  quot            4   22[COMRAM] unsigned long 
  exp1            1   27[COMRAM] unsigned char 
  cntr            1   26[COMRAM] unsigned char 
 Return value:  Size  Location     Type
                  4   14[COMRAM] unsigned long 
 Registers used:
		wreg, status,2, status,0
 Tracked objects:
		On entry : 
		On exit  : 
		Unchanged: 
 Data sizes:     COMRAM   BANK0   BANK1   BANK2   BANK3   BANK4   BANK5   BANK6   BANK7
      Params:         8       0       0       0       0       0       0       0       0
      Locals:         6       0       0       0       0       0       0       0       0
      Temps:          0       0       0       0       0       0       0       0       0
      Totals:        14       0       0       0       0       0       0       0       0
Total ram usage:       14 bytes
 Hardware stack levels used:    1
 Hardware stack levels required when called:    1
 This function calls:
		Nothing
 This function is called by:
		_sprintf
 This function uses a non-reentrant model


 *************** function ___llmod *****************
 Defined at:
		line 8 in file "C:\Program Files (x86)\Microchip\xc8\v1.35\sources\common\llmod.c"
 Parameters:    Size  Location     Type
  dividend        4   14[COMRAM] unsigned long 
  divisor         4   18[COMRAM] unsigned long 
 Auto vars:     Size  Location     Type
  counter         1   22[COMRAM] unsigned char 
 Return value:  Size  Location     Type
                  4   14[COMRAM] unsigned long 
 Registers used:
		wreg, status,2, status,0
 Tracked objects:
		On entry : 
		On exit  : 
		Unchanged: 
 Data sizes:     COMRAM   BANK0   BANK1   BANK2   BANK3   BANK4   BANK5   BANK6   BANK7
      Params:         8       0       0       0       0       0       0       0       0
      Locals:         1       0       0       0       0       0       0       0       0
      Temps:          0       0       0       0       0       0       0       0       0
      Totals:         9       0       0       0       0       0       0       0       0
Total ram usage:        9 bytes
 Hardware stack levels used:    1
 Hardware stack levels required when called:    1
 This function calls:
		Nothing
 This function is called by:
		_sprintf
 This function uses a non-reentrant model


 *************** function ___lldiv *****************
 Defined at:
		line 8 in file "C:\Program Files (x86)\Microchip\xc8\v1.35\sources\common\lldiv.c"
 Parameters:    Size  Location     Type
  dividend        4   14[COMRAM] unsigned long 
  divisor         4   18[COMRAM] unsigned long 
 Auto vars:     Size  Location     Type
  quotient        4   22[COMRAM] unsigned long 
  counter         1   26[COMRAM] unsigned char 
 Return value:  Size  Location     Type
                  4   14[COMRAM] unsigned long 
 Registers used:
		wreg, status,2, status,0
 Tracked objects:
		On entry : 
		On exit  : 
		Unchanged: 
 Data sizes:     COMRAM   BANK0   BANK1   BANK2   BANK3   BANK4   BANK5   BANK6   BANK7
      Params:         8       0       0       0       0       0       0       0       0
      Locals:         5       0       0       0       0       0       0       0       0
      Temps:          0       0       0       0       0       0       0       0       0
      Totals:        13       0       0       0       0       0       0       0       0
Total ram usage:       13 bytes
 Hardware stack levels used:    1
 Hardware stack levels required when called:    1
 This function calls:
		Nothing
 This function is called by:
		_sprintf
 This function uses a non-reentrant model


 *************** function ___fltol *****************
 Defined at:
		line 43 in file "C:\Program Files (x86)\Microchip\xc8\v1.35\sources\common\fltol.c"
 Parameters:    Size  Location     Type
  f1              4   62[COMRAM] unsigned long 
 Auto vars:     Size  Location     Type
  exp1            1    5[BANK0 ] unsigned char 
  sign1           1    4[BANK0 ] unsigned char 
 Return value:  Size  Location     Type
                  4   62[COMRAM] long 
 Registers used:
		wreg, status,2, status,0
 Tracked objects:
		On entry : 
		On exit  : 
		Unchanged: 
 Data sizes:     COMRAM   BANK0   BANK1   BANK2   BANK3   BANK4   BANK5   BANK6   BANK7
      Params:         4       0       0       0       0       0       0       0       0
      Locals:         0       2       0       0       0       0       0       0       0
      Temps:          0       4       0       0       0       0       0       0       0
      Totals:         4       6       0       0       0       0       0       0       0
Total ram usage:       10 bytes
 Hardware stack levels used:    1
 Hardware stack levels required when called:    1
 This function calls:
		Nothing
 This function is called by:
		_sprintf
 This function uses a non-reentrant model


 *************** function ___flsub *****************
 Defined at:
		line 245 in file "C:\Program Files (x86)\Microchip\xc8\v1.35\sources\common\sprcadd.c"
 Parameters:    Size  Location     Type
  b               4   20[BANK0 ] long 
  a               4   24[BANK0 ] long 
 Auto vars:     Size  Location     Type
		None
 Return value:  Size  Location     Type
                  4   20[BANK0 ] long 
 Registers used:
		wreg, status,2, status,0, cstack
 Tracked objects:
		On entry : 
		On exit  : 
		Unchanged: 
 Data sizes:     COMRAM   BANK0   BANK1   BANK2   BANK3   BANK4   BANK5   BANK6   BANK7
      Params:         0       8       0       0       0       0       0       0       0
      Locals:         0       0       0       0       0       0       0       0       0
      Temps:          0       0       0       0       0       0       0       0       0
      Totals:         0       8       0       0       0       0       0       0       0
Total ram usage:        8 bytes
 Hardware stack levels used:    1
 Hardware stack levels required when called:    2
 This function calls:
		___fladd
 This function is called by:
		_sprintf
 This function uses a non-reentrant model


 *************** function ___fladd *****************
 Defined at:
		line 10 in file "C:\Program Files (x86)\Microchip\xc8\v1.35\sources\common\sprcadd.c"
 Parameters:    Size  Location     Type
  b               4    0[BANK0 ] long 
  a               4    4[BANK0 ] long 
 Auto vars:     Size  Location     Type
  grs             1   19[BANK0 ] unsigned char 
[...]
 Hardware stack levels used:    1
 Hardware stack levels required when called:    7
 This function calls:
		_LCD_clear
		_LCD_initialize
		_LCD_write_message
		_delay_ms
 This function is called by:
		_main
 This function uses a non-reentrant model


 *************** function _LCD_write_message *****************
 Defined at:
		line 178 in file "../../LaurTec_PIC_libraries_v_3.3.0/src\LCD_44780.c"
 Parameters:    Size  Location     Type
  buffer          2   31[COMRAM] PTR const unsigned char 
		 -> STR_14(7), STR_13(17), STR_10(17), STR_9(3), 
		 -> STR_7(11), STR_6(17), STR_3(2), STR_2(2), 
		 -> STR_1(12), 
 Auto vars:     Size  Location     Type
		None
 Return value:  Size  Location     Type
		None               void
 Registers used:
		wreg, status,2, status,0, tblptrl, tblptrh, tblptru, prodl, prodh, cstack
 Tracked objects:
		On entry : 
		On exit  : 
		Unchanged: 
 Data sizes:     COMRAM   BANK0   BANK1   BANK2   BANK3   BANK4   BANK5   BANK6   BANK7
      Params:         2       0       0       0       0       0       0       0       0
      Locals:         0       0       0       0       0       0       0       0       0
      Temps:          0       0       0       0       0       0       0       0       0
      Totals:         2       0       0       0       0       0       0       0       0
Total ram usage:        2 bytes
 Hardware stack levels used:    1
 Hardware stack levels required when called:    6
 This function calls:
		_LCD_write_char
 This function is called by:
		_scarica
		_ricarica
		_inizializzazione
 This function uses a non-reentrant model


 *************** function _LCD_write_char *****************
 Defined at:
		line 145 in file "../../LaurTec_PIC_libraries_v_3.3.0/src\LCD_44780.c"
 Parameters:    Size  Location     Type
  value           1    wreg     unsigned char 
 Auto vars:     Size  Location     Type
  value           1   30[COMRAM] unsigned char 
  D0              1   29[COMRAM] unsigned char 
  D1              1   28[COMRAM] unsigned char 
  D2              1   27[COMRAM] unsigned char 
  D3              1   26[COMRAM] unsigned char 
 Return value:  Size  Location     Type
		None               void
 Registers used:
		wreg, status,2, status,0, prodl, prodh, cstack
 Tracked objects:
		On entry : 
		On exit  : 
		Unchanged: 
 Data sizes:     COMRAM   BANK0   BANK1   BANK2   BANK3   BANK4   BANK5   BANK6   BANK7
      Params:         0       0       0       0       0       0       0       0       0
      Locals:         5       0       0       0       0       0       0       0       0
      Temps:          0       0       0       0       0       0       0       0       0
      Totals:         5       0       0       0       0       0       0       0       0
Total ram usage:        5 bytes
 Hardware stack levels used:    1
 Hardware stack levels required when called:    5
 This function calls:
		_LCD_send_command
 This function is called by:
		_LCD_write_message
		_LCD_write_string
 This function uses a non-reentrant model


 *************** function _LCD_initialize *****************
 Defined at:
		line 283 in file "../../LaurTec_PIC_libraries_v_3.3.0/src\LCD_44780.c"
 Parameters:    Size  Location     Type
  quartz_frequ    1    wreg     unsigned char 
 Auto vars:     Size  Location     Type
  quartz_frequ    1   28[COMRAM] unsigned char 
 Return value:  Size  Location     Type
		None               void
 Registers used:
		wreg, status,2, status,0, prodl, prodh, cstack
 Tracked objects:
		On entry : 
		On exit  : 
		Unchanged: 
 Data sizes:     COMRAM   BANK0   BANK1   BANK2   BANK3   BANK4   BANK5   BANK6   BANK7
      Params:         0       0       0       0       0       0       0       0       0
      Locals:         1       0       0       0       0       0       0       0       0
      Temps:          0       0       0       0       0       0       0       0       0
      Totals:         1       0       0       0       0       0       0       0       0
Total ram usage:        1 bytes
 Hardware stack levels used:    1
 Hardware stack levels required when called:    6
 This function calls:
		_LCD_clear
		_LCD_cursor
		_LCD_send_command
		_delay_ms
		_delay_set_quartz
 This function is called by:
		_inizializzazione
 This function uses a non-reentrant model


 *************** function _delay_set_quartz *****************
 Defined at:
		line 115 in file "../../LaurTec_PIC_libraries_v_3.3.0/src\delay.c"
 Parameters:    Size  Location     Type
  frequency       1    wreg     unsigned char 
 Auto vars:     Size  Location     Type
  frequency       1   14[COMRAM] unsigned char 
 Return value:  Size  Location     Type
		None               void
 Registers used:
		wreg
 Tracked objects:
		On entry : 
		On exit  : 
		Unchanged: 
 Data sizes:     COMRAM   BANK0   BANK1   BANK2   BANK3   BANK4   BANK5   BANK6   BANK7
      Params:         0       0       0       0       0       0       0       0       0
      Locals:         1       0       0       0       0       0       0       0       0
      Temps:          0       0       0       0       0       0       0       0       0
      Totals:         1       0       0       0       0       0       0       0       0
Total ram usage:        1 bytes
 Hardware stack levels used:    1
 Hardware stack levels required when called:    1
 This function calls:
		Nothing
 This function is called by:
		_LCD_initialize
		_main
 This function uses a non-reentrant model


 *************** function _LCD_cursor *****************
 Defined at:
		line 266 in file "../../LaurTec_PIC_libraries_v_3.3.0/src\LCD_44780.c"
 Parameters:    Size  Location     Type
  active          1    wreg     unsigned char 
  blinking        1   26[COMRAM] unsigned char 
 Auto vars:     Size  Location     Type
  active          1   27[COMRAM] unsigned char 
 Return value:  Size  Location     Type
		None               void
 Registers used:
		wreg, status,2, status,0, prodl, prodh, cstack
 Tracked objects:
		On entry : 
		On exit  : 
		Unchanged: 
 Data sizes:     COMRAM   BANK0   BANK1   BANK2   BANK3   BANK4   BANK5   BANK6   BANK7
      Params:         1       0       0       0       0       0       0       0       0
      Locals:         1       0       0       0       0       0       0       0       0
      Temps:          0       0       0       0       0       0       0       0       0
      Totals:         2       0       0       0       0       0       0       0       0
Total ram usage:        2 bytes
 Hardware stack levels used:    1
 Hardware stack levels required when called:    5
 This function calls:
		_LCD_send_command
 This function is called by:
		_LCD_initialize
 This function uses a non-reentrant model


 *************** function _LCD_clear *****************
 Defined at:
		line 257 in file "../../LaurTec_PIC_libraries_v_3.3.0/src\LCD_44780.c"
 Parameters:    Size  Location     Type
		None
 Auto vars:     Size  Location     Type
		None
 Return value:  Size  Location     Type
		None               void
 Registers used:
		wreg, status,2, status,0, prodl, prodh, cstack
 Tracked objects:
		On entry : 
		On exit  : 
		Unchanged: 
 Data sizes:     COMRAM   BANK0   BANK1   BANK2   BANK3   BANK4   BANK5   BANK6   BANK7
      Params:         0       0       0       0       0       0       0       0       0
      Locals:         0       0       0       0       0       0       0       0       0
      Temps:          0       0       0       0       0       0       0       0       0
      Totals:         0       0       0       0       0       0       0       0       0
Total ram usage:        0 bytes
 Hardware stack levels used:    1
 Hardware stack levels required when called:    5
 This function calls:
		_LCD_send_command
 This function is called by:
		_LCD_initialize
		_scarica
		_ricarica
		_inizializzazione
 This function uses a non-reentrant model


 *************** function _LCD_send_command *****************
 Defined at:
		line 61 in file "../../LaurTec_PIC_libraries_v_3.3.0/src\LCD_44780.c"
 Parameters:    Size  Location     Type
  D3              1    wreg     unsigned char 
  D2              1   22[COMRAM] unsigned char 
  D1              1   23[COMRAM] unsigned char 
  D0              1   24[COMRAM] unsigned char 
 Auto vars:     Size  Location     Type
  D3              1   25[COMRAM] unsigned char 
 Return value:  Size  Location     Type
		None               void
 Registers used:
		wreg, status,2, status,0, prodl, prodh, cstack
 Tracked objects:
		On entry : 
		On exit  : 
		Unchanged: 
 Data sizes:     COMRAM   BANK0   BANK1   BANK2   BANK3   BANK4   BANK5   BANK6   BANK7
      Params:         3       0       0       0       0       0       0       0       0
      Locals:         1       0       0       0       0       0       0       0       0
      Temps:          0       0       0       0       0       0       0       0       0
      Totals:         4       0       0       0       0       0       0       0       0
Total ram usage:        4 bytes
 Hardware stack levels used:    1
 Hardware stack levels required when called:    4
 This function calls:
		_LCD_enable_pulse
 This function is called by:
		_LCD_goto_line
		_LCD_write_char
		_LCD_clear
		_LCD_cursor
		_LCD_initialize
		_LCD_home
		_LCD_shift
		_LCD_shift_cursor
 This function uses a non-reentrant model


 *************** function _LCD_enable_pulse *****************
 Defined at:
		line 49 in file "../../LaurTec_PIC_libraries_v_3.3.0/src\LCD_44780.c"
 Parameters:    Size  Location     Type
		None
 Auto vars:     Size  Location     Type
		None
 Return value:  Size  Location     Type
		None               void
 Registers used:
		wreg, status,2, status,0, prodl, prodh, cstack
 Tracked objects:
		On entry : 
		On exit  : 
		Unchanged: 
 Data sizes:     COMRAM   BANK0   BANK1   BANK2   BANK3   BANK4   BANK5   BANK6   BANK7
      Params:         0       0       0       0       0       0       0       0       0
      Locals:         0       0       0       0       0       0       0       0       0
      Temps:          0       0       0       0       0       0       0       0       0
      Totals:         0       0       0       0       0       0       0       0       0
Total ram usage:        0 bytes
 Hardware stack levels used:    1
 Hardware stack levels required when called:    3
 This function calls:
		_delay_ms
 This function is called by:
		_LCD_send_command
 This function uses a non-reentrant model


 *************** function _delay_ms *****************
 Defined at:
		line 61 in file "../../LaurTec_PIC_libraries_v_3.3.0/src\delay.c"
 Parameters:    Size  Location     Type
  value_ms        2   20[COMRAM] unsigned int 
 Auto vars:     Size  Location     Type
		None
 Return value:  Size  Location     Type
		None               void
 Registers used:
		wreg, status,2, status,0, prodl, prodh, cstack
 Tracked objects:
		On entry : 
		On exit  : 
		Unchanged: 
 Data sizes:     COMRAM   BANK0   BANK1   BANK2   BANK3   BANK4   BANK5   BANK6   BANK7
      Params:         2       0       0       0       0       0       0       0       0
      Locals:         0       0       0       0       0       0       0       0       0
      Temps:          0       0       0       0       0       0       0       0       0
      Totals:         2       0       0       0       0       0       0       0       0
Total ram usage:        2 bytes
 Hardware stack levels used:    1
 Hardware stack levels required when called:    2
 This function calls:
		___wmul
 This function is called by:
		_LCD_enable_pulse
		_LCD_initialize
		_delay_s
		_ricarica
		_read_adc
		_inizializzazione
 This function uses a non-reentrant model


 *************** function ___wmul *****************
 Defined at:
		line 15 in file "C:\Program Files (x86)\Microchip\xc8\v1.35\sources\common\Umul16.c"
 Parameters:    Size  Location     Type
  multiplier      2   14[COMRAM] unsigned int 
  multiplicand    2   16[COMRAM] unsigned int 
 Auto vars:     Size  Location     Type
  product         2   18[COMRAM] unsigned int 
 Return value:  Size  Location     Type
                  2   14[COMRAM] unsigned int 
 Registers used:
		wreg, status,2, status,0, prodl, prodh
 Tracked objects:
		On entry : 
		On exit  : 
		Unchanged: 
 Data sizes:     COMRAM   BANK0   BANK1   BANK2   BANK3   BANK4   BANK5   BANK6   BANK7
      Params:         4       0       0       0       0       0       0       0       0
      Locals:         2       0       0       0       0       0       0       0       0
      Temps:          0       0       0       0       0       0       0       0       0
      Totals:         6       0       0       0       0       0       0       0       0
Total ram usage:        6 bytes
 Hardware stack levels used:    1
 Hardware stack levels required when called:    1
 This function calls:
		Nothing
 This function is called by:
		_delay_ms
		_sprintf
 This function uses a non-reentrant model


 *************** function _isr_alta *****************
 Defined at:
		line 51 in file "tester.c"
 Parameters:    Size  Location     Type
		None
 Auto vars:     Size  Location     Type
		None
 Return value:  Size  Location     Type
		None               void
 Registers used:
		wreg, status,2, status,0
 Tracked objects:
		On entry : 
		On exit  : 
		Unchanged: 
 Data sizes:     COMRAM   BANK0   BANK1   BANK2   BANK3   BANK4   BANK5   BANK6   BANK7
      Params:         0       0       0       0       0       0       0       0       0
      Locals:         0       0       0       0       0       0       0       0       0
      Temps:         14       0       0       0       0       0       0       0       0
      Totals:        14       0       0       0       0       0       0       0       0
Total ram usage:       14 bytes
 Hardware stack levels used:    1
 This function calls:
		Nothing
 This function is called by:
		Interrupt level 2
 This function uses a non-reentrant model



MODULE INFORMATION

Module		Function		Class		Link	Load	Size
C:\Program Files (x86)\Microchip\xc8\v1.35\sources\common\awdiv.c
		___awdiv       		CODE           	3414	0000	133

C:\Program Files (x86)\Microchip\xc8\v1.35\sources\common\awdiv.c estimated size: 133

C:\Program Files (x86)\Microchip\xc8\v1.35\sources\common\isdigit.c
		_isdigit       		CODE           	3A00	0000	31

C:\Program Files (x86)\Microchip\xc8\v1.35\sources\common\isdigit.c estimated size: 31

C:\Program Files (x86)\Microchip\xc8\v1.35\sources\common\sprcadd.c
		___flsub       		CODE           	37C2	0000	73
		___fladd       		CODE           	113A	0000	1193

C:\Program Files (x86)\Microchip\xc8\v1.35\sources\common\sprcadd.c estimated size: 1266

C:\Program Files (x86)\Microchip\xc8\v1.35\sources\common\flneg.c
		___flneg       		CODE           	38F0	0000	47

C:\Program Files (x86)\Microchip\xc8\v1.35\sources\common\flneg.c estimated size: 47

C:\Program Files (x86)\Microchip\xc8\v1.35\sources\common\xxtofl.c
		___xxtofl      		CODE           	29D4	0000	337

C:\Program Files (x86)\Microchip\xc8\v1.35\sources\common\xxtofl.c estimated size: 337

C:\Program Files (x86)\Microchip\xc8\v1.35\sources\common\lwmod.c
		___lwmod       		CODE           	384C	0000	67

C:\Program Files (x86)\Microchip\xc8\v1.35\sources\common\lwmod.c estimated size: 67

C:\Program Files (x86)\Microchip\xc8\v1.35\sources\common\doprnt.c
		_scale         		CODE           	15E2	0000	1049
		_sprintf       		CODE           	08FA	0000	2113
		_fround        		CODE           	23A4	0000	635

C:\Program Files (x86)\Microchip\xc8\v1.35\sources\common\doprnt.c estimated size: 3797

C:\Program Files (x86)\Microchip\xc8\v1.35\sources\common\llmod.c
		___llmod       		CODE           	35FA	0000	103

C:\Program Files (x86)\Microchip\xc8\v1.35\sources\common\llmod.c estimated size: 103

../../LaurTec_PIC_libraries_v_3.3.0/src\delay.c
		_delay_set_quartz		CODE           	3A3C	0000	9
		_delay_ms      		CODE           	388E	0000	51
		_delay_s       		CODE           	39E0	0000	33

../../LaurTec_PIC_libraries_v_3.3.0/src\delay.c estimated size: 93

shared
		__powers_      		SMALLCONST     	0835	0000	53
		_dpowers       		SMALLCONST     	0869	0000	41
		__npowers_     		SMALLCONST     	0801	0000	53
		__initialization		CODE           	371A	0000	73

shared estimated size: 220

C:\Program Files (x86)\Microchip\xc8\v1.35\sources\common\awmod.c
		___awmod       		CODE           	351A	0000	113

C:\Program Files (x86)\Microchip\xc8\v1.35\sources\common\awmod.c estimated size: 113

C:\Program Files (x86)\Microchip\xc8\v1.35\sources\common\sprcmul.c
		___flmul       		CODE           	19FA	0000	849

C:\Program Files (x86)\Microchip\xc8\v1.35\sources\common\sprcmul.c estimated size: 849

C:\Program Files (x86)\Microchip\xc8\v1.35\sources\common\itoa.c
		_itoa          		CODE           	380A	0000	67
		_utoa          		CODE           	3370	0000	165

C:\Program Files (x86)\Microchip\xc8\v1.35\sources\common\itoa.c estimated size: 232

C:\Program Files (x86)\Microchip\xc8\v1.35\sources\common\ftdivl.c
		__tdiv_to_l_   		CODE           	2C62	0000	307

C:\Program Files (x86)\Microchip\xc8\v1.35\sources\common\ftdivl.c estimated size: 307

../../LaurTec_PIC_libraries_v_3.3.0/src\LCD_44780.c
		_LCD_clear     		CODE           	3970	0000	39
		_LCD_cursor    		CODE           	3948	0000	41
		_LCD_goto_line 		CODE           	32B8	0000	185
		_LCD_write_string		CODE           	39BC	0000	37
		_LCD_enable_pulse		CODE           	3A1E	0000	31
		_LCD_write_message		CODE           	391E	0000	43
		_LCD_write_char		CODE           	358A	0000	113
		_LCD_write_integer		CODE           	2B24	0000	319
		_LCD_send_command		CODE           	38C0	0000	49
		_LCD_initialize		CODE           	2FDC	0000	283

../../LaurTec_PIC_libraries_v_3.3.0/src\LCD_44780.c estimated size: 1140

C:\Program Files (x86)\Microchip\xc8\v1.35\sources\common\lwdiv.c
		___lwdiv       		CODE           	3770	0000	83

C:\Program Files (x86)\Microchip\xc8\v1.35\sources\common\lwdiv.c estimated size: 83

C:\Program Files (x86)\Microchip\xc8\v1.35\sources\common\sprcdiv.c
		___fldiv       		CODE           	1D4A	0000	829

C:\Program Files (x86)\Microchip\xc8\v1.35\sources\common\sprcdiv.c estimated size: 829

C:\Program Files (x86)\Microchip\xc8\v1.35\sources\common\fltol.c
		___fltol       		CODE           	30F6	0000	251

C:\Program Files (x86)\Microchip\xc8\v1.35\sources\common\fltol.c estimated size: 251

C:\Program Files (x86)\Microchip\xc8\v1.35\sources\common\Umul16.c
		___wmul        		CODE           	3996	0000	39

C:\Program Files (x86)\Microchip\xc8\v1.35\sources\common\Umul16.c estimated size: 39

tester.c
		_scarica       		CODE           	2086	0000	799
		_main          		CODE           	36BE	0000	93
		_isr_alta      		CODE           	0008	0000	215
		_inizializzazione		CODE           	3660	0000	95
		_read_adc      		CODE           	261E	0000	577
		_ricarica      		CODE           	285E	0000	375

tester.c estimated size: 2154

C:\Program Files (x86)\Microchip\xc8\v1.35\sources\common\lldiv.c
		___lldiv       		CODE           	3498	0000	131

C:\Program Files (x86)\Microchip\xc8\v1.35\sources\common\lldiv.c estimated size: 131

C:\Program Files (x86)\Microchip\xc8\v1.35\sources\common\fldivl.c
		__div_to_l_    		CODE           	2D94	0000	297

C:\Program Files (x86)\Microchip\xc8\v1.35\sources\common\fldivl.c estimated size: 297

C:\Program Files (x86)\Microchip\xc8\v1.35\sources\common\flge.c
		___flge        		CODE           	2EBC	0000	289

C:\Program Files (x86)\Microchip\xc8\v1.35\sources\common\flge.c estimated size: 289

